/run/media/ezra/13D010B6FDBC1A06/1CatVLLM/.venv-1cat/lib/python3.12/site-packages/torch/cuda/__init__.py:1007: UserWarning: Can't initialize NVML
  raw_cnt = _raw_device_count_nvml()
Loading weights:   0%|          | 0/290 [00:00<?, ?it/s]Loading weights: 100%|██████████| 290/290 [00:00<00:00, 17336.28it/s]
{"step": 1, "loss": 1.2214956283569336, "gradient_norm_before_clip": 1.5358738899230957, "batch_size": 24, "examples_seen": 24, "answer_tokens_seen": 65, "task_counts": {"color": 4, "coordinate": 4, "count": 4, "ocr": 4, "shape": 4, "spatial": 4}, "step_wall_seconds": 1.0835413932800293, "peak_gpu_memory_bytes": 11591414784}
{"step": 25, "loss": 1.1740201711654663, "gradient_norm_before_clip": 0.9203066229820251, "batch_size": 24, "examples_seen": 600, "answer_tokens_seen": 1657, "task_counts": {"color": 4, "coordinate": 4, "count": 4, "ocr": 4, "shape": 4, "spatial": 4}, "step_wall_seconds": 0.9005393981933594, "peak_gpu_memory_bytes": 11798374912}
{"step": 50, "loss": 0.8978521227836609, "gradient_norm_before_clip": 1.208957552909851, "batch_size": 24, "examples_seen": 1200, "answer_tokens_seen": 3296, "task_counts": {"color": 4, "coordinate": 4, "count": 4, "ocr": 4, "shape": 4, "spatial": 4}, "step_wall_seconds": 0.8605391979217529, "peak_gpu_memory_bytes": 11798374912}
{"step": 75, "loss": 1.1401020288467407, "gradient_norm_before_clip": 1.6953333616256714, "batch_size": 24, "examples_seen": 1800, "answer_tokens_seen": 4935, "task_counts": {"color": 4, "coordinate": 4, "count": 4, "ocr": 4, "shape": 4, "spatial": 4}, "step_wall_seconds": 0.9003918170928955, "peak_gpu_memory_bytes": 11798374912}
{"step": 100, "loss": 0.9509403109550476, "gradient_norm_before_clip": 0.5897318720817566, "batch_size": 24, "examples_seen": 2400, "answer_tokens_seen": 6577, "task_counts": {"color": 4, "coordinate": 4, "count": 4, "ocr": 4, "shape": 4, "spatial": 4}, "step_wall_seconds": 0.8961849212646484, "peak_gpu_memory_bytes": 11798374912}
/run/media/ezra/13D010B6FDBC1A06/1CatVLLM/.venv-1cat/lib/python3.12/site-packages/torch/cuda/__init__.py:1007: UserWarning: Can't initialize NVML
  raw_cnt = _raw_device_count_nvml()
{
  "status": "valid",
  "format_version": "balanced-multitask-adaptation-training-v2",
  "arm": "additional_projector_epoch",
  "kind": "projector",
  "metadata": {
    "completed_at_utc": "2026-08-05T02:43:28.254030+00:00",
    "git_sha": "d5944d934f9cf27bf6b71eec137450491083eafc",
    "host": "doesworkstation",
    "torch": "2.10.0+cu128",
    "gpu": "Tesla V100-PCIE-32GB",
    "wall_seconds": 159.06524658203125,
    "peak_gpu_memory_bytes": 11798374912,
    "final_half_scored": false
  },
  "steps": 100,
  "batch_size": 24,
  "examples_seen": 2400,
  "train_records": 2400,
  "train_pairs": 1200,
  "tasks": [
    "color",
    "coordinate",
    "count",
    "ocr",
    "shape",
    "spatial"
  ],
  "train_records_by_task": {
    "color": 400,
    "coordinate": 400,
    "count": 400,
    "ocr": 400,
    "shape": 400,
    "spatial": 400
  },
  "trainable_parameters": 20454272,
  "resolved_lora_modules": [],
  "base_projector_sha256": "98a566eb2c8414f105662b6532734a4246830b7e5a2df56ae3da14ad23737ef3",
  "projector_config_source": "/run/media/ezra/13D010B6FDBC1A06/data/gate_b/ckpt/checkpoints/step-000500",
  "projector_config_sha256": "d505f4a2ee6a2312c758ae16bfaf051367282ede7617676fd1234c118e4c7804",
  "optimizer_resume": {
    "restored": true,
    "source": "/run/media/ezra/13D010B6FDBC1A06/data/perception_v1/adaptation/balanced_multitask_projector_v1/checkpoints/step-000100/training_state.pt",
    "source_step": 100,
    "source_sha256": "47ceb28f64df2573beae51480e75fe5626d32e6c134f67dc91f35cfc6ba97196"
  },
  "selection_manifest_sha256": "b5a851bb969b41607fc95299df90ec51cc7a0db6c1e0d560380bed1f7abac71e",
  "checkpoints": {
    "step-000000": {
      "status": "valid",
      "arm": "additional_projector_epoch",
      "kind": "projector",
      "step": 0,
      "examples_seen": 0,
      "weights_tensor_sha256": "d2b413c2155d6e70ef6f2fa3a5fd8b9ba8d56d0ef163d4d31d719543c2f70e69",
      "files": {
        "projector.safetensors": {
          "bytes": 81817648,
          "sha256": "70d8e66f13b5d90f058884eb2130aedef3a0f210e1ec52a7f744a8cbf968b0dd"
        },
        "projector_config.json": {
          "bytes": 127,
          "sha256": "d505f4a2ee6a2312c758ae16bfaf051367282ede7617676fd1234c118e4c7804"
        },
        "training_state.pt": {
          "bytes": 163640597,
          "sha256": "c3dca5bdbb9b247a75fff5aec48e4492619e74545fb5e8ccc8640172d8536a96"
        }
      }
    },
    "step-000025": {
      "status": "valid",
      "arm": "additional_projector_epoch",
      "kind": "projector",
      "step": 25,
      "examples_seen": 600,
      "weights_tensor_sha256": "a64ba178b2d0e6220a367de87e57e4be788fc9f0ca895c56985f85011abc1232",
      "files": {
        "projector.safetensors": {
          "bytes": 81817648,
          "sha256": "396ae55e14533d975e254b3eecd96fb9de0cd9331f6bd18f9e0597fc869d9b79"
        },
        "projector_config.json": {
          "bytes": 127,
          "sha256": "d505f4a2ee6a2312c758ae16bfaf051367282ede7617676fd1234c118e4c7804"
        },
        "training_state.pt": {
          "bytes": 163640597,
          "sha256": "0434ec6185bf2401739bb8249663e73507f6c39a2b7ce123a3c34c12412e3710"
        }
      }
    },
    "step-000050": {
      "status": "valid",
      "arm": "additional_projector_epoch",
      "kind": "projector",
      "step": 50,
      "examples_seen": 1200,
      "weights_tensor_sha256": "fd7b07e6fe9f4e9054b9f4e4dcbecf8bbeaf83241c937ec6d5c4d589a017d192",
      "files": {
        "projector.safetensors": {
          "bytes": 81817648,
          "sha256": "8dd9321656d2d745303213634e61fe429587a76c149ac00631cc78e2ef0128a8"
        },
        "projector_config.json": {
          "bytes": 127,
          "sha256": "d505f4a2ee6a2312c758ae16bfaf051367282ede7617676fd1234c118e4c7804"
        },
        "training_state.pt": {
          "bytes": 163640597,
          "sha256": "57e9ddbcd4a3b60594aa169c6d4e4b4adf2a5803d22a9da41e4fad4c23ac2f32"
        }
      }
    },
    "step-000100": {
      "status": "valid",
      "arm": "additional_projector_epoch",
      "kind": "projector",
      "step": 100,
      "examples_seen": 2400,
      "weights_tensor_sha256": "7b731cffcb11da833efbd7d99a41ee77cba9eda3dfdb1135989e79adbb921a76",
      "files": {
        "projector.safetensors": {
          "bytes": 81817648,
          "sha256": "05f19079bc6db6757f378c22b05a5cb3ae3e638551513f642bb25dea04ef092d"
        },
        "projector_config.json": {
          "bytes": 127,
          "sha256": "d505f4a2ee6a2312c758ae16bfaf051367282ede7617676fd1234c118e4c7804"
        },
        "training_state.pt": {
          "bytes": 163640597,
          "sha256": "8f96c2a4cf165c47a78cf039a687c6fae2a2c26b5ca5c9d8cc4e8da78aa4a408"
        }
      }
    }
  },
  "files": {
    "train_history.jsonl": {
      "bytes": 33083,
      "sha256": "12a968f2ba2daf4c6c7e8f783288d1485c92cf05f93e16ae97755ad9aaf1bfd6"
    },
    "training_order.jsonl": {
      "bytes": 59392,
      "sha256": "a0929326fc8b494f85b82fc504855cd23f1ddfa74348ccc9b364a13ada39f2f5"
    }
  },
  "final_half_scored": false
}
