/run/media/ezra/13D010B6FDBC1A06/1CatVLLM/.venv-1cat/lib/python3.12/site-packages/torch/cuda/__init__.py:1007: UserWarning: Can't initialize NVML
  raw_cnt = _raw_device_count_nvml()
Loading weights:   0%|          | 0/290 [00:00<?, ?it/s]Loading weights:  23%|██▎       | 67/290 [00:00<00:00, 644.35it/s]Loading weights:  46%|████▌     | 132/290 [00:00<00:00, 488.42it/s]Loading weights:  63%|██████▎   | 183/290 [00:00<00:00, 312.58it/s]Loading weights:  76%|███████▌  | 220/290 [00:00<00:00, 287.71it/s]Loading weights:  87%|████████▋ | 252/290 [00:00<00:00, 290.07it/s]Loading weights:  98%|█████████▊| 284/290 [00:00<00:00, 291.39it/s]Loading weights: 100%|██████████| 290/290 [00:00<00:00, 328.06it/s]
/run/media/ezra/13D010B6FDBC1A06/1CatVLLM/.venv-1cat/lib/python3.12/site-packages/torch/cuda/__init__.py:1007: UserWarning: Can't initialize NVML
  raw_cnt = _raw_device_count_nvml()
completed frozen-base
completed lora-step50
completed projector-step50
{
  "status": "valid",
  "format_version": "shape-adaptation-eval-v1",
  "metadata": {
    "completed_at_utc": "2026-08-05T04:14:59.486329+00:00",
    "git_sha": "d5944d934f9cf27bf6b71eec137450491083eafc",
    "host": "doesworkstation",
    "torch": "2.10.0+cu128",
    "gpu": "Tesla V100-PCIE-32GB",
    "wall_seconds": 1137.619669675827,
    "peak_gpu_memory_bytes": 12720825856,
    "final_half_scored": false
  },
  "states": 3,
  "teacher_forced_records_per_cell": 2400,
  "generation_records_per_cell": 600,
  "preference_rows": 21600,
  "generation_rows": 3600,
  "sources": {
    "lora_summary_sha256": "b605c0c8427d3e1f4b0f66dadaa5ace8c90d507e8a6ab2a313212a1d19fc4515",
    "projector_summary_sha256": "adcdee5c6e36e13f6ee052e34a78ec021ebd3290acb14e9d25573468ee446ecc"
  },
  "files": {
    "preference_records.jsonl": {
      "bytes": 12345509,
      "sha256": "3cdec62a89994955759cc19a1fe5c0cf9fbb6c1f405fa2793e64347c54c2c32b"
    },
    "generation_records.jsonl": {
      "bytes": 1456216,
      "sha256": "74fd07dbbd043510c788332278ea097878a85c8952ca63baf368d8e3483f61f7"
    },
    "preference_curve.csv": {
      "bytes": 6135,
      "sha256": "ef1507755db0527cab90e2af1a300628d8b8716888a5d33504cd9f7f4c8cf6f9"
    },
    "generation_curve.csv": {
      "bytes": 3704,
      "sha256": "1eab635890788bc77a926e1512faa9c1fdfe8a57a28074c4d1c9ea1ce68cad94"
    },
    "DECISIONS.json": {
      "bytes": 1184,
      "sha256": "e9493e109235c5ba764abcb2bd2c48162cfb1a4dc1195f9c7afc77ed08d40646"
    }
  },
  "final_half_scored": false
}
