/run/media/ezra/13D010B6FDBC1A06/1CatVLLM/.venv-1cat/lib/python3.12/site-packages/torch/cuda/__init__.py:1007: UserWarning: Can't initialize NVML
  raw_cnt = _raw_device_count_nvml()
/run/media/ezra/13D010B6FDBC1A06/1CatVLLM/.venv-1cat/lib/python3.12/site-packages/torch/cuda/__init__.py:1007: UserWarning: Can't initialize NVML
  raw_cnt = _raw_device_count_nvml()
[1/161] control:benchmark:blank:1x4x1024 [1, 4, 1024]
[2/161] control:benchmark:blank:2x4x1024 [2, 4, 1024]
[3/161] control:benchmark:blank:3x4x1024 [3, 4, 1024]
[4/161] control:benchmark:blank:4x4x1024 [4, 4, 1024]
[5/161] control:benchmark:blank:5x4x1024 [5, 4, 1024]
[6/161] control:benchmark:blank:6x4x1024 [6, 4, 1024]
[7/161] control:benchmark:blank:8x4x1024 [8, 4, 1024]
[8/161] control:benchmark:blank:9x4x1024 [9, 4, 1024]
[9/161] control:benchmark:blank:10x4x1024 [10, 4, 1024]
[10/161] control:benchmark:blank:12x4x1024 [12, 4, 1024]
[11/161] control:benchmark:blank:14x4x1024 [14, 4, 1024]
[12/161] control:benchmark:blank:16x4x1024 [16, 4, 1024]
[13/161] control:benchmark:blank:18x4x1024 [18, 4, 1024]
[14/161] control:benchmark:blank:20x4x1024 [20, 4, 1024]
[15/161] control:benchmark:blank:21x4x1024 [21, 4, 1024]
[16/161] control:benchmark:blank:22x4x1024 [22, 4, 1024]
[17/161] control:benchmark:blank:24x4x1024 [24, 4, 1024]
[18/161] control:benchmark:blank:27x4x1024 [27, 4, 1024]
[19/161] control:benchmark:blank:28x4x1024 [28, 4, 1024]
[20/161] control:benchmark:blank:30x4x1024 [30, 4, 1024]
[21/161] control:benchmark:blank:32x4x1024 [32, 4, 1024]
[22/161] control:benchmark:blank:33x4x1024 [33, 4, 1024]
[23/161] control:benchmark:blank:35x4x1024 [35, 4, 1024]
[24/161] control:benchmark:blank:36x4x1024 [36, 4, 1024]
[25/161] control:benchmark:blank:39x4x1024 [39, 4, 1024]
[26/161] control:benchmark:blank:40x4x1024 [40, 4, 1024]
[27/161] control:benchmark:blank:42x4x1024 [42, 4, 1024]
[28/161] control:benchmark:blank:45x4x1024 [45, 4, 1024]
[29/161] control:benchmark:blank:48x4x1024 [48, 4, 1024]
[30/161] control:benchmark:blank:52x4x1024 [52, 4, 1024]
[31/161] control:benchmark:blank:56x4x1024 [56, 4, 1024]
[32/161] control:benchmark:blank:57x4x1024 [57, 4, 1024]
[33/161] control:benchmark:blank:60x4x1024 [60, 4, 1024]
[34/161] control:benchmark:blank:64x4x1024 [64, 4, 1024]
[35/161] control:benchmark:blank:66x4x1024 [66, 4, 1024]
[36/161] control:benchmark:blank:70x4x1024 [70, 4, 1024]
[37/161] control:benchmark:blank:72x4x1024 [72, 4, 1024]
[38/161] control:benchmark:blank:75x4x1024 [75, 4, 1024]
[39/161] control:benchmark:blank:80x4x1024 [80, 4, 1024]
[40/161] control:benchmark:blank:84x4x1024 [84, 4, 1024]
[41/161] control:benchmark:blank:85x4x1024 [85, 4, 1024]
[42/161] control:benchmark:blank:88x4x1024 [88, 4, 1024]
[43/161] control:benchmark:blank:90x4x1024 [90, 4, 1024]
[44/161] control:benchmark:blank:98x4x1024 [98, 4, 1024]
[45/161] control:benchmark:blank:99x4x1024 [99, 4, 1024]
[46/161] control:benchmark:blank:100x4x1024 [100, 4, 1024]
[47/161] control:benchmark:blank:102x4x1024 [102, 4, 1024]
[48/161] control:benchmark:blank:108x4x1024 [108, 4, 1024]
[49/161] control:benchmark:blank:110x4x1024 [110, 4, 1024]
[50/161] control:benchmark:blank:112x4x1024 [112, 4, 1024]
[51/161] control:benchmark:blank:119x4x1024 [119, 4, 1024]
[52/161] control:benchmark:blank:120x4x1024 [120, 4, 1024]
[53/161] control:benchmark:blank:128x4x1024 [128, 4, 1024]
[54/161] control:benchmark:blank:130x4x1024 [130, 4, 1024]
[55/161] control:benchmark:blank:132x4x1024 [132, 4, 1024]
[56/161] control:benchmark:blank:133x4x1024 [133, 4, 1024]
[57/161] control:benchmark:blank:135x4x1024 [135, 4, 1024]
[58/161] control:benchmark:blank:140x4x1024 [140, 4, 1024]
[59/161] control:benchmark:blank:143x4x1024 [143, 4, 1024]
[60/161] control:benchmark:blank:144x4x1024 [144, 4, 1024]
[61/161] control:benchmark:blank:147x4x1024 [147, 4, 1024]
[62/161] control:benchmark:blank:150x4x1024 [150, 4, 1024]
[63/161] control:benchmark:blank:152x4x1024 [152, 4, 1024]
[64/161] control:benchmark:blank:153x4x1024 [153, 4, 1024]
[65/161] control:benchmark:blank:154x4x1024 [154, 4, 1024]
[66/161] control:benchmark:blank:156x4x1024 [156, 4, 1024]
[67/161] control:benchmark:blank:160x4x1024 [160, 4, 1024]
[68/161] control:benchmark:blank:162x4x1024 [162, 4, 1024]
[69/161] control:benchmark:blank:168x4x1024 [168, 4, 1024]
[70/161] control:benchmark:blank:170x4x1024 [170, 4, 1024]
[71/161] control:benchmark:blank:176x4x1024 [176, 4, 1024]
[72/161] control:benchmark:blank:180x4x1024 [180, 4, 1024]
[73/161] control:benchmark:blank:182x4x1024 [182, 4, 1024]
[74/161] control:benchmark:blank:185x4x1024 [185, 4, 1024]
[75/161] control:benchmark:blank:189x4x1024 [189, 4, 1024]
[76/161] control:benchmark:blank:196x4x1024 [196, 4, 1024]
[77/161] control:benchmark:blank:198x4x1024 [198, 4, 1024]
[78/161] control:benchmark:blank:207x4x1024 [207, 4, 1024]
[79/161] control:benchmark:blank:208x4x1024 [208, 4, 1024]
[80/161] control:benchmark:blank:210x4x1024 [210, 4, 1024]
[81/161] control:benchmark:blank:216x4x1024 [216, 4, 1024]
[82/161] control:benchmark:blank:220x4x1024 [220, 4, 1024]
[83/161] control:benchmark:blank:222x4x1024 [222, 4, 1024]
[84/161] control:benchmark:blank:224x4x1024 [224, 4, 1024]
[85/161] control:benchmark:blank:225x4x1024 [225, 4, 1024]
[86/161] control:benchmark:blank:228x4x1024 [228, 4, 1024]
[87/161] control:benchmark:blank:234x4x1024 [234, 4, 1024]
[88/161] control:benchmark:blank:238x4x1024 [238, 4, 1024]
[89/161] control:benchmark:blank:242x4x1024 [242, 4, 1024]
[90/161] control:benchmark:blank:243x4x1024 [243, 4, 1024]
[91/161] control:benchmark:blank:255x4x1024 [255, 4, 1024]
[92/161] control:benchmark:blank:259x4x1024 [259, 4, 1024]
[93/161] control:benchmark:blank:260x4x1024 [260, 4, 1024]
[94/161] control:benchmark:blank:270x4x1024 [270, 4, 1024]
[95/161] control:benchmark:blank:272x4x1024 [272, 4, 1024]
[96/161] control:benchmark:blank:280x4x1024 [280, 4, 1024]
[97/161] control:benchmark:blank:285x4x1024 [285, 4, 1024]
[98/161] control:benchmark:blank:286x4x1024 [286, 4, 1024]
[99/161] control:benchmark:blank:288x4x1024 [288, 4, 1024]
[100/161] control:benchmark:blank:294x4x1024 [294, 4, 1024]
[101/161] control:benchmark:blank:296x4x1024 [296, 4, 1024]
[102/161] control:benchmark:blank:300x4x1024 [300, 4, 1024]
[103/161] control:benchmark:blank:304x4x1024 [304, 4, 1024]
[104/161] control:benchmark:blank:306x4x1024 [306, 4, 1024]
[105/161] control:benchmark:blank:336x4x1024 [336, 4, 1024]
[106/161] control:benchmark:blank:342x4x1024 [342, 4, 1024]
[107/161] control:benchmark:blank:345x4x1024 [345, 4, 1024]
[108/161] control:benchmark:blank:351x4x1024 [351, 4, 1024]
[109/161] control:benchmark:blank:352x4x1024 [352, 4, 1024]
[110/161] control:benchmark:blank:370x4x1024 [370, 4, 1024]
[111/161] control:benchmark:blank:380x4x1024 [380, 4, 1024]
[112/161] control:benchmark:blank:390x4x1024 [390, 4, 1024]
[113/161] control:benchmark:blank:391x4x1024 [391, 4, 1024]
[114/161] control:benchmark:blank:396x4x1024 [396, 4, 1024]
[115/161] control:benchmark:blank:403x4x1024 [403, 4, 1024]
[116/161] control:benchmark:blank:405x4x1024 [405, 4, 1024]
[117/161] control:benchmark:blank:425x4x1024 [425, 4, 1024]
[118/161] control:benchmark:blank:440x4x1024 [440, 4, 1024]
[119/161] control:benchmark:blank:459x4x1024 [459, 4, 1024]
[120/161] control:benchmark:blank:480x4x1024 [480, 4, 1024]
[121/161] control:benchmark:blank:481x4x1024 [481, 4, 1024]
[122/161] control:benchmark:blank:518x4x1024 [518, 4, 1024]
[123/161] control:benchmark:blank:552x4x1024 [552, 4, 1024]
[124/161] control:benchmark:blank:555x4x1024 [555, 4, 1024]
[125/161] control:benchmark:blank:558x4x1024 [558, 4, 1024]
[126/161] control:benchmark:blank:580x4x1024 [580, 4, 1024]
[127/161] control:benchmark:blank:620x4x1024 [620, 4, 1024]
[128/161] control:benchmark:blank:624x4x1024 [624, 4, 1024]
[129/161] control:benchmark:blank:629x4x1024 [629, 4, 1024]
[130/161] control:benchmark:blank:638x4x1024 [638, 4, 1024]
[131/161] control:benchmark:blank:644x4x1024 [644, 4, 1024]
[132/161] control:benchmark:blank:666x4x1024 [666, 4, 1024]
[133/161] control:benchmark:blank:690x4x1024 [690, 4, 1024]
[134/161] control:benchmark:blank:700x4x1024 [700, 4, 1024]
[135/161] control:benchmark:blank:703x4x1024 [703, 4, 1024]
[136/161] control:benchmark:blank:777x4x1024 [777, 4, 1024]
[137/161] control:benchmark:blank:784x4x1024 [784, 4, 1024]
[138/161] control:benchmark:blank:814x4x1024 [814, 4, 1024]
[139/161] control:benchmark:blank:832x4x1024 [832, 4, 1024]
[140/161] control:benchmark:blank:840x4x1024 [840, 4, 1024]
[141/161] control:benchmark:blank:851x4x1024 [851, 4, 1024]
[142/161] control:benchmark:blank:875x4x1024 [875, 4, 1024]
[143/161] control:benchmark:blank:888x4x1024 [888, 4, 1024]
[144/161] control:benchmark:blank:924x4x1024 [924, 4, 1024]
[145/161] control:benchmark:blank:925x4x1024 [925, 4, 1024]
[146/161] control:benchmark:blank:962x4x1024 [962, 4, 1024]
[147/161] control:benchmark:blank:972x4x1024 [972, 4, 1024]
[148/161] control:benchmark:blank:980x4x1024 [980, 4, 1024]
[149/161] control:benchmark:blank:986x4x1024 [986, 4, 1024]
[150/161] control:benchmark:blank:999x4x1024 [999, 4, 1024]
[151/161] control:benchmark:blank:1036x4x1024 [1036, 4, 1024]
[152/161] control:benchmark:blank:1044x4x1024 [1044, 4, 1024]
[153/161] control:benchmark:blank:1073x4x1024 [1073, 4, 1024]
[154/161] control:benchmark:blank:1110x4x1024 [1110, 4, 1024]
[155/161] control:benchmark:blank:1156x4x1024 [1156, 4, 1024]
[156/161] control:benchmark:blank:1184x4x1024 [1184, 4, 1024]
[157/161] control:benchmark:blank:1221x4x1024 [1221, 4, 1024]
[158/161] control:benchmark:blank:1258x4x1024 [1258, 4, 1024]
[159/161] control:benchmark:blank:1295x4x1024 [1295, 4, 1024]
[160/161] control:benchmark:blank:1332x4x1024 [1332, 4, 1024]
[161/161] control:benchmark:blank:1369x4x1024 [1369, 4, 1024]
{
  "requested": 161,
  "cached": 161,
  "failed": 0,
  "wall_seconds": 91.34902548789978,
  "peak_gpu_memory_bytes": 4960350208,
  "manifest": "MANIFEST.json",
  "records": "cache_records.jsonl",
  "failures": "failures.jsonl"
}
