/run/media/ezra/13D010B6FDBC1A06/1CatVLLM/.venv-1cat/lib/python3.12/site-packages/torch/cuda/__init__.py:1007: UserWarning: Can't initialize NVML
  raw_cnt = _raw_device_count_nvml()
Loading weights:   0%|          | 0/290 [00:00<?, ?it/s]Loading weights: 100%|██████████| 290/290 [00:00<00:00, 18991.49it/s]
/run/media/ezra/13D010B6FDBC1A06/1CatVLLM/.venv-1cat/lib/python3.12/site-packages/torch/cuda/__init__.py:1007: UserWarning: Can't initialize NVML
  raw_cnt = _raw_device_count_nvml()
[step-000000] synthetic/vision 64/600
[step-000000] synthetic/vision 128/600
[step-000000] synthetic/vision 192/600
[step-000000] synthetic/vision 256/600
[step-000000] synthetic/vision 320/600
[step-000000] synthetic/vision 384/600
[step-000000] synthetic/vision 448/600
[step-000000] synthetic/vision 512/600
[step-000000] synthetic/vision 576/600
[step-000000] synthetic/vision 600/600
[step-000000] synthetic/blind 64/600
[step-000000] synthetic/blind 128/600
[step-000000] synthetic/blind 192/600
[step-000000] synthetic/blind 256/600
[step-000000] synthetic/blind 320/600
[step-000000] synthetic/blind 384/600
[step-000000] synthetic/blind 448/600
[step-000000] synthetic/blind 512/600
[step-000000] synthetic/blind 576/600
[step-000000] synthetic/blind 600/600
[step-000000] synthetic/blank 64/600
[step-000000] synthetic/blank 128/600
[step-000000] synthetic/blank 192/600
[step-000000] synthetic/blank 256/600
[step-000000] synthetic/blank 320/600
[step-000000] synthetic/blank 384/600
[step-000000] synthetic/blank 448/600
[step-000000] synthetic/blank 512/600
[step-000000] synthetic/blank 576/600
[step-000000] synthetic/blank 600/600
[step-000000] synthetic/same_image 64/600
[step-000000] synthetic/same_image 128/600
[step-000000] synthetic/same_image 192/600
[step-000000] synthetic/same_image 256/600
[step-000000] synthetic/same_image 320/600
[step-000000] synthetic/same_image 384/600
[step-000000] synthetic/same_image 448/600
[step-000000] synthetic/same_image 512/600
[step-000000] synthetic/same_image 576/600
[step-000000] synthetic/same_image 600/600
[step-000000] synthetic/shuffled_image 64/600
[step-000000] synthetic/shuffled_image 128/600
[step-000000] synthetic/shuffled_image 192/600
[step-000000] synthetic/shuffled_image 256/600
[step-000000] synthetic/shuffled_image 320/600
[step-000000] synthetic/shuffled_image 384/600
[step-000000] synthetic/shuffled_image 448/600
[step-000000] synthetic/shuffled_image 512/600
[step-000000] synthetic/shuffled_image 576/600
[step-000000] synthetic/shuffled_image 600/600
[step-000000] synthetic/patch_permutation 64/600
[step-000000] synthetic/patch_permutation 128/600
[step-000000] synthetic/patch_permutation 192/600
[step-000000] synthetic/patch_permutation 256/600
[step-000000] synthetic/patch_permutation 320/600
[step-000000] synthetic/patch_permutation 384/600
[step-000000] synthetic/patch_permutation 448/600
[step-000000] synthetic/patch_permutation 512/600
[step-000000] synthetic/patch_permutation 576/600
[step-000000] synthetic/patch_permutation 600/600
[step-000000] synthetic/paired_counterfactual_image 64/600
[step-000000] synthetic/paired_counterfactual_image 128/600
[step-000000] synthetic/paired_counterfactual_image 192/600
[step-000000] synthetic/paired_counterfactual_image 256/600
[step-000000] synthetic/paired_counterfactual_image 320/600
[step-000000] synthetic/paired_counterfactual_image 384/600
[step-000000] synthetic/paired_counterfactual_image 448/600
[step-000000] synthetic/paired_counterfactual_image 512/600
[step-000000] synthetic/paired_counterfactual_image 576/600
[step-000000] synthetic/paired_counterfactual_image 600/600
[step-000000] synthetic/background_matched_aux 64/600
[step-000000] synthetic/background_matched_aux 128/600
[step-000000] synthetic/background_matched_aux 192/600
[step-000000] synthetic/background_matched_aux 256/600
[step-000000] synthetic/background_matched_aux 320/600
[step-000000] synthetic/background_matched_aux 384/600
[step-000000] synthetic/background_matched_aux 448/600
[step-000000] synthetic/background_matched_aux 512/600
[step-000000] synthetic/background_matched_aux 576/600
[step-000000] synthetic/background_matched_aux 600/600
[step-000000] benchmarks/vision 16/700
[step-000000] benchmarks/vision 32/700
[step-000000] benchmarks/vision 48/700
[step-000000] benchmarks/vision 64/700
[step-000000] benchmarks/vision 80/700
[step-000000] benchmarks/vision 96/700
[step-000000] benchmarks/vision 112/700
[step-000000] benchmarks/vision 128/700
[step-000000] benchmarks/vision 144/700
[step-000000] benchmarks/vision 160/700
[step-000000] benchmarks/vision 176/700
[step-000000] benchmarks/vision 192/700
[step-000000] benchmarks/vision 208/700
[step-000000] benchmarks/vision 224/700
[step-000000] benchmarks/vision 240/700
[step-000000] benchmarks/vision 256/700
[step-000000] benchmarks/vision 272/700
[step-000000] benchmarks/vision 288/700
[step-000000] benchmarks/vision 304/700
[step-000000] benchmarks/vision 320/700
[step-000000] benchmarks/vision 336/700
[step-000000] benchmarks/vision 352/700
[step-000000] benchmarks/vision 368/700
[step-000000] benchmarks/vision 384/700
[step-000000] benchmarks/vision 400/700
[step-000000] benchmarks/vision 416/700
[step-000000] benchmarks/vision 432/700
[step-000000] benchmarks/vision 448/700
[step-000000] benchmarks/vision 464/700
[step-000000] benchmarks/vision 480/700
[step-000000] benchmarks/vision 496/700
[step-000000] benchmarks/vision 512/700
[step-000000] benchmarks/vision 528/700
[step-000000] benchmarks/vision 544/700
[step-000000] benchmarks/vision 560/700
[step-000000] benchmarks/vision 576/700
[step-000000] benchmarks/vision 592/700
[step-000000] benchmarks/vision 608/700
[step-000000] benchmarks/vision 624/700
[step-000000] benchmarks/vision 640/700
[step-000000] benchmarks/vision 656/700
[step-000000] benchmarks/vision 672/700
[step-000000] benchmarks/vision 688/700
[step-000000] benchmarks/vision 700/700
[step-000000] benchmarks/blind 16/700
[step-000000] benchmarks/blind 32/700
[step-000000] benchmarks/blind 48/700
[step-000000] benchmarks/blind 64/700
[step-000000] benchmarks/blind 80/700
[step-000000] benchmarks/blind 96/700
[step-000000] benchmarks/blind 112/700
[step-000000] benchmarks/blind 128/700
[step-000000] benchmarks/blind 144/700
[step-000000] benchmarks/blind 160/700
[step-000000] benchmarks/blind 176/700
[step-000000] benchmarks/blind 192/700
[step-000000] benchmarks/blind 208/700
[step-000000] benchmarks/blind 224/700
[step-000000] benchmarks/blind 240/700
[step-000000] benchmarks/blind 256/700
[step-000000] benchmarks/blind 272/700
[step-000000] benchmarks/blind 288/700
[step-000000] benchmarks/blind 304/700
[step-000000] benchmarks/blind 320/700
[step-000000] benchmarks/blind 336/700
[step-000000] benchmarks/blind 352/700
[step-000000] benchmarks/blind 368/700
[step-000000] benchmarks/blind 384/700
[step-000000] benchmarks/blind 400/700
[step-000000] benchmarks/blind 416/700
[step-000000] benchmarks/blind 432/700
[step-000000] benchmarks/blind 448/700
[step-000000] benchmarks/blind 464/700
[step-000000] benchmarks/blind 480/700
[step-000000] benchmarks/blind 496/700
[step-000000] benchmarks/blind 512/700
[step-000000] benchmarks/blind 528/700
[step-000000] benchmarks/blind 544/700
[step-000000] benchmarks/blind 560/700
[step-000000] benchmarks/blind 576/700
[step-000000] benchmarks/blind 592/700
[step-000000] benchmarks/blind 608/700
[step-000000] benchmarks/blind 624/700
[step-000000] benchmarks/blind 640/700
[step-000000] benchmarks/blind 656/700
[step-000000] benchmarks/blind 672/700
[step-000000] benchmarks/blind 688/700
[step-000000] benchmarks/blind 700/700
[step-000000] benchmarks/blank 16/700
[step-000000] benchmarks/blank 32/700
[step-000000] benchmarks/blank 48/700
[step-000000] benchmarks/blank 64/700
[step-000000] benchmarks/blank 80/700
[step-000000] benchmarks/blank 96/700
[step-000000] benchmarks/blank 112/700
[step-000000] benchmarks/blank 128/700
[step-000000] benchmarks/blank 144/700
[step-000000] benchmarks/blank 160/700
[step-000000] benchmarks/blank 176/700
[step-000000] benchmarks/blank 192/700
[step-000000] benchmarks/blank 208/700
[step-000000] benchmarks/blank 224/700
[step-000000] benchmarks/blank 240/700
[step-000000] benchmarks/blank 256/700
[step-000000] benchmarks/blank 272/700
[step-000000] benchmarks/blank 288/700
[step-000000] benchmarks/blank 304/700
[step-000000] benchmarks/blank 320/700
[step-000000] benchmarks/blank 336/700
[step-000000] benchmarks/blank 352/700
[step-000000] benchmarks/blank 368/700
[step-000000] benchmarks/blank 384/700
[step-000000] benchmarks/blank 400/700
[step-000000] benchmarks/blank 416/700
[step-000000] benchmarks/blank 432/700
[step-000000] benchmarks/blank 448/700
[step-000000] benchmarks/blank 464/700
[step-000000] benchmarks/blank 480/700
[step-000000] benchmarks/blank 496/700
[step-000000] benchmarks/blank 512/700
[step-000000] benchmarks/blank 528/700
[step-000000] benchmarks/blank 544/700
[step-000000] benchmarks/blank 560/700
[step-000000] benchmarks/blank 576/700
[step-000000] benchmarks/blank 592/700
[step-000000] benchmarks/blank 608/700
[step-000000] benchmarks/blank 624/700
[step-000000] benchmarks/blank 640/700
[step-000000] benchmarks/blank 656/700
[step-000000] benchmarks/blank 672/700
[step-000000] benchmarks/blank 688/700
[step-000000] benchmarks/blank 700/700
[step-000000] benchmarks/shuffled_image 16/700
[step-000000] benchmarks/shuffled_image 32/700
[step-000000] benchmarks/shuffled_image 48/700
[step-000000] benchmarks/shuffled_image 64/700
[step-000000] benchmarks/shuffled_image 80/700
[step-000000] benchmarks/shuffled_image 96/700
[step-000000] benchmarks/shuffled_image 112/700
[step-000000] benchmarks/shuffled_image 128/700
[step-000000] benchmarks/shuffled_image 144/700
[step-000000] benchmarks/shuffled_image 160/700
[step-000000] benchmarks/shuffled_image 176/700
[step-000000] benchmarks/shuffled_image 192/700
[step-000000] benchmarks/shuffled_image 208/700
[step-000000] benchmarks/shuffled_image 224/700
[step-000000] benchmarks/shuffled_image 240/700
[step-000000] benchmarks/shuffled_image 256/700
[step-000000] benchmarks/shuffled_image 272/700
[step-000000] benchmarks/shuffled_image 288/700
[step-000000] benchmarks/shuffled_image 304/700
[step-000000] benchmarks/shuffled_image 320/700
[step-000000] benchmarks/shuffled_image 336/700
[step-000000] benchmarks/shuffled_image 352/700
[step-000000] benchmarks/shuffled_image 368/700
[step-000000] benchmarks/shuffled_image 384/700
[step-000000] benchmarks/shuffled_image 400/700
[step-000000] benchmarks/shuffled_image 416/700
[step-000000] benchmarks/shuffled_image 432/700
[step-000000] benchmarks/shuffled_image 448/700
[step-000000] benchmarks/shuffled_image 464/700
[step-000000] benchmarks/shuffled_image 480/700
[step-000000] benchmarks/shuffled_image 496/700
[step-000000] benchmarks/shuffled_image 512/700
[step-000000] benchmarks/shuffled_image 528/700
[step-000000] benchmarks/shuffled_image 544/700
[step-000000] benchmarks/shuffled_image 560/700
[step-000000] benchmarks/shuffled_image 576/700
[step-000000] benchmarks/shuffled_image 592/700
[step-000000] benchmarks/shuffled_image 608/700
[step-000000] benchmarks/shuffled_image 624/700
[step-000000] benchmarks/shuffled_image 640/700
[step-000000] benchmarks/shuffled_image 656/700
[step-000000] benchmarks/shuffled_image 672/700
[step-000000] benchmarks/shuffled_image 688/700
[step-000000] benchmarks/shuffled_image 700/700
[step-000000] benchmarks/patch_permutation 16/700
[step-000000] benchmarks/patch_permutation 32/700
[step-000000] benchmarks/patch_permutation 48/700
[step-000000] benchmarks/patch_permutation 64/700
[step-000000] benchmarks/patch_permutation 80/700
[step-000000] benchmarks/patch_permutation 96/700
[step-000000] benchmarks/patch_permutation 112/700
[step-000000] benchmarks/patch_permutation 128/700
[step-000000] benchmarks/patch_permutation 144/700
[step-000000] benchmarks/patch_permutation 160/700
[step-000000] benchmarks/patch_permutation 176/700
[step-000000] benchmarks/patch_permutation 192/700
[step-000000] benchmarks/patch_permutation 208/700
[step-000000] benchmarks/patch_permutation 224/700
[step-000000] benchmarks/patch_permutation 240/700
[step-000000] benchmarks/patch_permutation 256/700
[step-000000] benchmarks/patch_permutation 272/700
[step-000000] benchmarks/patch_permutation 288/700
[step-000000] benchmarks/patch_permutation 304/700
[step-000000] benchmarks/patch_permutation 320/700
[step-000000] benchmarks/patch_permutation 336/700
[step-000000] benchmarks/patch_permutation 352/700
[step-000000] benchmarks/patch_permutation 368/700
[step-000000] benchmarks/patch_permutation 384/700
[step-000000] benchmarks/patch_permutation 400/700
[step-000000] benchmarks/patch_permutation 416/700
[step-000000] benchmarks/patch_permutation 432/700
[step-000000] benchmarks/patch_permutation 448/700
[step-000000] benchmarks/patch_permutation 464/700
[step-000000] benchmarks/patch_permutation 480/700
[step-000000] benchmarks/patch_permutation 496/700
[step-000000] benchmarks/patch_permutation 512/700
[step-000000] benchmarks/patch_permutation 528/700
[step-000000] benchmarks/patch_permutation 544/700
[step-000000] benchmarks/patch_permutation 560/700
[step-000000] benchmarks/patch_permutation 576/700
[step-000000] benchmarks/patch_permutation 592/700
[step-000000] benchmarks/patch_permutation 608/700
[step-000000] benchmarks/patch_permutation 624/700
[step-000000] benchmarks/patch_permutation 640/700
[step-000000] benchmarks/patch_permutation 656/700
[step-000000] benchmarks/patch_permutation 672/700
[step-000000] benchmarks/patch_permutation 688/700
[step-000000] benchmarks/patch_permutation 700/700
[step-000000] shuffle-loss 1/32
[step-000000] shuffle-loss 2/32
[step-000000] shuffle-loss 3/32
[step-000000] shuffle-loss 4/32
[step-000000] shuffle-loss 5/32
[step-000000] shuffle-loss 6/32
[step-000000] shuffle-loss 7/32
[step-000000] shuffle-loss 8/32
[step-000000] shuffle-loss 9/32
[step-000000] shuffle-loss 10/32
[step-000000] shuffle-loss 11/32
[step-000000] shuffle-loss 12/32
[step-000000] shuffle-loss 13/32
[step-000000] shuffle-loss 14/32
[step-000000] shuffle-loss 15/32
[step-000000] shuffle-loss 16/32
[step-000000] shuffle-loss 17/32
[step-000000] shuffle-loss 18/32
[step-000000] shuffle-loss 19/32
[step-000000] shuffle-loss 20/32
[step-000000] shuffle-loss 21/32
[step-000000] shuffle-loss 22/32
[step-000000] shuffle-loss 23/32
[step-000000] shuffle-loss 24/32
[step-000000] shuffle-loss 25/32
[step-000000] shuffle-loss 26/32
[step-000000] shuffle-loss 27/32
[step-000000] shuffle-loss 28/32
[step-000000] shuffle-loss 29/32
[step-000000] shuffle-loss 30/32
[step-000000] shuffle-loss 31/32
[step-000000] shuffle-loss 32/32
[step-000500] synthetic/vision 64/600
[step-000500] synthetic/vision 128/600
[step-000500] synthetic/vision 192/600
[step-000500] synthetic/vision 256/600
[step-000500] synthetic/vision 320/600
[step-000500] synthetic/vision 384/600
[step-000500] synthetic/vision 448/600
[step-000500] synthetic/vision 512/600
[step-000500] synthetic/vision 576/600
[step-000500] synthetic/vision 600/600
[step-000500] synthetic/blind 64/600
[step-000500] synthetic/blind 128/600
[step-000500] synthetic/blind 192/600
[step-000500] synthetic/blind 256/600
[step-000500] synthetic/blind 320/600
[step-000500] synthetic/blind 384/600
[step-000500] synthetic/blind 448/600
[step-000500] synthetic/blind 512/600
[step-000500] synthetic/blind 576/600
[step-000500] synthetic/blind 600/600
[step-000500] synthetic/blank 64/600
[step-000500] synthetic/blank 128/600
[step-000500] synthetic/blank 192/600
[step-000500] synthetic/blank 256/600
[step-000500] synthetic/blank 320/600
[step-000500] synthetic/blank 384/600
[step-000500] synthetic/blank 448/600
[step-000500] synthetic/blank 512/600
[step-000500] synthetic/blank 576/600
[step-000500] synthetic/blank 600/600
[step-000500] synthetic/same_image 64/600
[step-000500] synthetic/same_image 128/600
[step-000500] synthetic/same_image 192/600
[step-000500] synthetic/same_image 256/600
[step-000500] synthetic/same_image 320/600
[step-000500] synthetic/same_image 384/600
[step-000500] synthetic/same_image 448/600
[step-000500] synthetic/same_image 512/600
[step-000500] synthetic/same_image 576/600
[step-000500] synthetic/same_image 600/600
[step-000500] synthetic/shuffled_image 64/600
[step-000500] synthetic/shuffled_image 128/600
[step-000500] synthetic/shuffled_image 192/600
[step-000500] synthetic/shuffled_image 256/600
[step-000500] synthetic/shuffled_image 320/600
[step-000500] synthetic/shuffled_image 384/600
[step-000500] synthetic/shuffled_image 448/600
[step-000500] synthetic/shuffled_image 512/600
[step-000500] synthetic/shuffled_image 576/600
[step-000500] synthetic/shuffled_image 600/600
[step-000500] synthetic/patch_permutation 64/600
[step-000500] synthetic/patch_permutation 128/600
[step-000500] synthetic/patch_permutation 192/600
[step-000500] synthetic/patch_permutation 256/600
[step-000500] synthetic/patch_permutation 320/600
[step-000500] synthetic/patch_permutation 384/600
[step-000500] synthetic/patch_permutation 448/600
[step-000500] synthetic/patch_permutation 512/600
[step-000500] synthetic/patch_permutation 576/600
[step-000500] synthetic/patch_permutation 600/600
[step-000500] synthetic/paired_counterfactual_image 64/600
[step-000500] synthetic/paired_counterfactual_image 128/600
[step-000500] synthetic/paired_counterfactual_image 192/600
[step-000500] synthetic/paired_counterfactual_image 256/600
[step-000500] synthetic/paired_counterfactual_image 320/600
[step-000500] synthetic/paired_counterfactual_image 384/600
[step-000500] synthetic/paired_counterfactual_image 448/600
[step-000500] synthetic/paired_counterfactual_image 512/600
[step-000500] synthetic/paired_counterfactual_image 576/600
[step-000500] synthetic/paired_counterfactual_image 600/600
[step-000500] synthetic/background_matched_aux 64/600
[step-000500] synthetic/background_matched_aux 128/600
[step-000500] synthetic/background_matched_aux 192/600
[step-000500] synthetic/background_matched_aux 256/600
[step-000500] synthetic/background_matched_aux 320/600
[step-000500] synthetic/background_matched_aux 384/600
[step-000500] synthetic/background_matched_aux 448/600
[step-000500] synthetic/background_matched_aux 512/600
[step-000500] synthetic/background_matched_aux 576/600
[step-000500] synthetic/background_matched_aux 600/600
[step-000500] benchmarks/vision 16/700
[step-000500] benchmarks/vision 32/700
[step-000500] benchmarks/vision 48/700
[step-000500] benchmarks/vision 64/700
[step-000500] benchmarks/vision 80/700
[step-000500] benchmarks/vision 96/700
[step-000500] benchmarks/vision 112/700
[step-000500] benchmarks/vision 128/700
[step-000500] benchmarks/vision 144/700
[step-000500] benchmarks/vision 160/700
[step-000500] benchmarks/vision 176/700
[step-000500] benchmarks/vision 192/700
[step-000500] benchmarks/vision 208/700
[step-000500] benchmarks/vision 224/700
[step-000500] benchmarks/vision 240/700
[step-000500] benchmarks/vision 256/700
[step-000500] benchmarks/vision 272/700
[step-000500] benchmarks/vision 288/700
[step-000500] benchmarks/vision 304/700
[step-000500] benchmarks/vision 320/700
[step-000500] benchmarks/vision 336/700
[step-000500] benchmarks/vision 352/700
[step-000500] benchmarks/vision 368/700
[step-000500] benchmarks/vision 384/700
[step-000500] benchmarks/vision 400/700
[step-000500] benchmarks/vision 416/700
[step-000500] benchmarks/vision 432/700
[step-000500] benchmarks/vision 448/700
[step-000500] benchmarks/vision 464/700
[step-000500] benchmarks/vision 480/700
[step-000500] benchmarks/vision 496/700
[step-000500] benchmarks/vision 512/700
[step-000500] benchmarks/vision 528/700
[step-000500] benchmarks/vision 544/700
[step-000500] benchmarks/vision 560/700
[step-000500] benchmarks/vision 576/700
[step-000500] benchmarks/vision 592/700
[step-000500] benchmarks/vision 608/700
[step-000500] benchmarks/vision 624/700
[step-000500] benchmarks/vision 640/700
[step-000500] benchmarks/vision 656/700
[step-000500] benchmarks/vision 672/700
[step-000500] benchmarks/vision 688/700
[step-000500] benchmarks/vision 700/700
[step-000500] benchmarks/blind 16/700
[step-000500] benchmarks/blind 32/700
[step-000500] benchmarks/blind 48/700
[step-000500] benchmarks/blind 64/700
[step-000500] benchmarks/blind 80/700
[step-000500] benchmarks/blind 96/700
[step-000500] benchmarks/blind 112/700
[step-000500] benchmarks/blind 128/700
[step-000500] benchmarks/blind 144/700
[step-000500] benchmarks/blind 160/700
[step-000500] benchmarks/blind 176/700
[step-000500] benchmarks/blind 192/700
[step-000500] benchmarks/blind 208/700
[step-000500] benchmarks/blind 224/700
[step-000500] benchmarks/blind 240/700
[step-000500] benchmarks/blind 256/700
[step-000500] benchmarks/blind 272/700
[step-000500] benchmarks/blind 288/700
[step-000500] benchmarks/blind 304/700
[step-000500] benchmarks/blind 320/700
[step-000500] benchmarks/blind 336/700
[step-000500] benchmarks/blind 352/700
[step-000500] benchmarks/blind 368/700
[step-000500] benchmarks/blind 384/700
[step-000500] benchmarks/blind 400/700
[step-000500] benchmarks/blind 416/700
[step-000500] benchmarks/blind 432/700
[step-000500] benchmarks/blind 448/700
[step-000500] benchmarks/blind 464/700
[step-000500] benchmarks/blind 480/700
[step-000500] benchmarks/blind 496/700
[step-000500] benchmarks/blind 512/700
[step-000500] benchmarks/blind 528/700
[step-000500] benchmarks/blind 544/700
[step-000500] benchmarks/blind 560/700
[step-000500] benchmarks/blind 576/700
[step-000500] benchmarks/blind 592/700
[step-000500] benchmarks/blind 608/700
[step-000500] benchmarks/blind 624/700
[step-000500] benchmarks/blind 640/700
[step-000500] benchmarks/blind 656/700
[step-000500] benchmarks/blind 672/700
[step-000500] benchmarks/blind 688/700
[step-000500] benchmarks/blind 700/700
[step-000500] shuffle-loss 1/32
[step-000500] shuffle-loss 2/32
[step-000500] shuffle-loss 3/32
[step-000500] shuffle-loss 4/32
[step-000500] shuffle-loss 5/32
[step-000500] shuffle-loss 6/32
[step-000500] shuffle-loss 7/32
[step-000500] shuffle-loss 8/32
[step-000500] shuffle-loss 9/32
[step-000500] shuffle-loss 10/32
[step-000500] shuffle-loss 11/32
[step-000500] shuffle-loss 12/32
[step-000500] shuffle-loss 13/32
[step-000500] shuffle-loss 14/32
[step-000500] shuffle-loss 15/32
[step-000500] shuffle-loss 16/32
[step-000500] shuffle-loss 17/32
[step-000500] shuffle-loss 18/32
[step-000500] shuffle-loss 19/32
[step-000500] shuffle-loss 20/32
[step-000500] shuffle-loss 21/32
[step-000500] shuffle-loss 22/32
[step-000500] shuffle-loss 23/32
[step-000500] shuffle-loss 24/32
[step-000500] shuffle-loss 25/32
[step-000500] shuffle-loss 26/32
[step-000500] shuffle-loss 27/32
[step-000500] shuffle-loss 28/32
[step-000500] shuffle-loss 29/32
[step-000500] shuffle-loss 30/32
[step-000500] shuffle-loss 31/32
[step-000500] shuffle-loss 32/32
[step-001000] synthetic/vision 64/600
[step-001000] synthetic/vision 128/600
[step-001000] synthetic/vision 192/600
[step-001000] synthetic/vision 256/600
[step-001000] synthetic/vision 320/600
[step-001000] synthetic/vision 384/600
[step-001000] synthetic/vision 448/600
[step-001000] synthetic/vision 512/600
[step-001000] synthetic/vision 576/600
[step-001000] synthetic/vision 600/600
[step-001000] synthetic/blind 64/600
[step-001000] synthetic/blind 128/600
[step-001000] synthetic/blind 192/600
[step-001000] synthetic/blind 256/600
[step-001000] synthetic/blind 320/600
[step-001000] synthetic/blind 384/600
[step-001000] synthetic/blind 448/600
[step-001000] synthetic/blind 512/600
[step-001000] synthetic/blind 576/600
[step-001000] synthetic/blind 600/600
[step-001000] synthetic/blank 64/600
[step-001000] synthetic/blank 128/600
[step-001000] synthetic/blank 192/600
[step-001000] synthetic/blank 256/600
[step-001000] synthetic/blank 320/600
[step-001000] synthetic/blank 384/600
[step-001000] synthetic/blank 448/600
[step-001000] synthetic/blank 512/600
[step-001000] synthetic/blank 576/600
[step-001000] synthetic/blank 600/600
[step-001000] synthetic/same_image 64/600
[step-001000] synthetic/same_image 128/600
[step-001000] synthetic/same_image 192/600
[step-001000] synthetic/same_image 256/600
[step-001000] synthetic/same_image 320/600
[step-001000] synthetic/same_image 384/600
[step-001000] synthetic/same_image 448/600
[step-001000] synthetic/same_image 512/600
[step-001000] synthetic/same_image 576/600
[step-001000] synthetic/same_image 600/600
[step-001000] synthetic/shuffled_image 64/600
[step-001000] synthetic/shuffled_image 128/600
[step-001000] synthetic/shuffled_image 192/600
[step-001000] synthetic/shuffled_image 256/600
[step-001000] synthetic/shuffled_image 320/600
[step-001000] synthetic/shuffled_image 384/600
[step-001000] synthetic/shuffled_image 448/600
[step-001000] synthetic/shuffled_image 512/600
[step-001000] synthetic/shuffled_image 576/600
[step-001000] synthetic/shuffled_image 600/600
[step-001000] synthetic/patch_permutation 64/600
[step-001000] synthetic/patch_permutation 128/600
[step-001000] synthetic/patch_permutation 192/600
[step-001000] synthetic/patch_permutation 256/600
[step-001000] synthetic/patch_permutation 320/600
[step-001000] synthetic/patch_permutation 384/600
[step-001000] synthetic/patch_permutation 448/600
[step-001000] synthetic/patch_permutation 512/600
[step-001000] synthetic/patch_permutation 576/600
[step-001000] synthetic/patch_permutation 600/600
[step-001000] synthetic/paired_counterfactual_image 64/600
[step-001000] synthetic/paired_counterfactual_image 128/600
[step-001000] synthetic/paired_counterfactual_image 192/600
[step-001000] synthetic/paired_counterfactual_image 256/600
[step-001000] synthetic/paired_counterfactual_image 320/600
[step-001000] synthetic/paired_counterfactual_image 384/600
[step-001000] synthetic/paired_counterfactual_image 448/600
[step-001000] synthetic/paired_counterfactual_image 512/600
[step-001000] synthetic/paired_counterfactual_image 576/600
[step-001000] synthetic/paired_counterfactual_image 600/600
[step-001000] synthetic/background_matched_aux 64/600
[step-001000] synthetic/background_matched_aux 128/600
[step-001000] synthetic/background_matched_aux 192/600
[step-001000] synthetic/background_matched_aux 256/600
[step-001000] synthetic/background_matched_aux 320/600
[step-001000] synthetic/background_matched_aux 384/600
[step-001000] synthetic/background_matched_aux 448/600
[step-001000] synthetic/background_matched_aux 512/600
[step-001000] synthetic/background_matched_aux 576/600
[step-001000] synthetic/background_matched_aux 600/600
[step-001000] benchmarks/vision 16/700
[step-001000] benchmarks/vision 32/700
[step-001000] benchmarks/vision 48/700
[step-001000] benchmarks/vision 64/700
[step-001000] benchmarks/vision 80/700
[step-001000] benchmarks/vision 96/700
[step-001000] benchmarks/vision 112/700
[step-001000] benchmarks/vision 128/700
[step-001000] benchmarks/vision 144/700
[step-001000] benchmarks/vision 160/700
[step-001000] benchmarks/vision 176/700
[step-001000] benchmarks/vision 192/700
[step-001000] benchmarks/vision 208/700
[step-001000] benchmarks/vision 224/700
[step-001000] benchmarks/vision 240/700
[step-001000] benchmarks/vision 256/700
[step-001000] benchmarks/vision 272/700
[step-001000] benchmarks/vision 288/700
[step-001000] benchmarks/vision 304/700
[step-001000] benchmarks/vision 320/700
[step-001000] benchmarks/vision 336/700
[step-001000] benchmarks/vision 352/700
[step-001000] benchmarks/vision 368/700
[step-001000] benchmarks/vision 384/700
[step-001000] benchmarks/vision 400/700
[step-001000] benchmarks/vision 416/700
[step-001000] benchmarks/vision 432/700
[step-001000] benchmarks/vision 448/700
[step-001000] benchmarks/vision 464/700
[step-001000] benchmarks/vision 480/700
[step-001000] benchmarks/vision 496/700
[step-001000] benchmarks/vision 512/700
[step-001000] benchmarks/vision 528/700
[step-001000] benchmarks/vision 544/700
[step-001000] benchmarks/vision 560/700
[step-001000] benchmarks/vision 576/700
[step-001000] benchmarks/vision 592/700
[step-001000] benchmarks/vision 608/700
[step-001000] benchmarks/vision 624/700
[step-001000] benchmarks/vision 640/700
[step-001000] benchmarks/vision 656/700
[step-001000] benchmarks/vision 672/700
[step-001000] benchmarks/vision 688/700
[step-001000] benchmarks/vision 700/700
[step-001000] benchmarks/blind 16/700
[step-001000] benchmarks/blind 32/700
[step-001000] benchmarks/blind 48/700
[step-001000] benchmarks/blind 64/700
[step-001000] benchmarks/blind 80/700
[step-001000] benchmarks/blind 96/700
[step-001000] benchmarks/blind 112/700
[step-001000] benchmarks/blind 128/700
[step-001000] benchmarks/blind 144/700
[step-001000] benchmarks/blind 160/700
[step-001000] benchmarks/blind 176/700
[step-001000] benchmarks/blind 192/700
[step-001000] benchmarks/blind 208/700
[step-001000] benchmarks/blind 224/700
[step-001000] benchmarks/blind 240/700
[step-001000] benchmarks/blind 256/700
[step-001000] benchmarks/blind 272/700
[step-001000] benchmarks/blind 288/700
[step-001000] benchmarks/blind 304/700
[step-001000] benchmarks/blind 320/700
[step-001000] benchmarks/blind 336/700
[step-001000] benchmarks/blind 352/700
[step-001000] benchmarks/blind 368/700
[step-001000] benchmarks/blind 384/700
[step-001000] benchmarks/blind 400/700
[step-001000] benchmarks/blind 416/700
[step-001000] benchmarks/blind 432/700
[step-001000] benchmarks/blind 448/700
[step-001000] benchmarks/blind 464/700
[step-001000] benchmarks/blind 480/700
[step-001000] benchmarks/blind 496/700
[step-001000] benchmarks/blind 512/700
[step-001000] benchmarks/blind 528/700
[step-001000] benchmarks/blind 544/700
[step-001000] benchmarks/blind 560/700
[step-001000] benchmarks/blind 576/700
[step-001000] benchmarks/blind 592/700
[step-001000] benchmarks/blind 608/700
[step-001000] benchmarks/blind 624/700
[step-001000] benchmarks/blind 640/700
[step-001000] benchmarks/blind 656/700
[step-001000] benchmarks/blind 672/700
[step-001000] benchmarks/blind 688/700
[step-001000] benchmarks/blind 700/700
[step-001000] benchmarks/blank 16/700
[step-001000] benchmarks/blank 32/700
[step-001000] benchmarks/blank 48/700
[step-001000] benchmarks/blank 64/700
[step-001000] benchmarks/blank 80/700
[step-001000] benchmarks/blank 96/700
[step-001000] benchmarks/blank 112/700
[step-001000] benchmarks/blank 128/700
[step-001000] benchmarks/blank 144/700
[step-001000] benchmarks/blank 160/700
[step-001000] benchmarks/blank 176/700
[step-001000] benchmarks/blank 192/700
[step-001000] benchmarks/blank 208/700
[step-001000] benchmarks/blank 224/700
[step-001000] benchmarks/blank 240/700
[step-001000] benchmarks/blank 256/700
[step-001000] benchmarks/blank 272/700
[step-001000] benchmarks/blank 288/700
[step-001000] benchmarks/blank 304/700
[step-001000] benchmarks/blank 320/700
[step-001000] benchmarks/blank 336/700
[step-001000] benchmarks/blank 352/700
[step-001000] benchmarks/blank 368/700
[step-001000] benchmarks/blank 384/700
[step-001000] benchmarks/blank 400/700
[step-001000] benchmarks/blank 416/700
[step-001000] benchmarks/blank 432/700
[step-001000] benchmarks/blank 448/700
[step-001000] benchmarks/blank 464/700
[step-001000] benchmarks/blank 480/700
[step-001000] benchmarks/blank 496/700
[step-001000] benchmarks/blank 512/700
[step-001000] benchmarks/blank 528/700
[step-001000] benchmarks/blank 544/700
[step-001000] benchmarks/blank 560/700
[step-001000] benchmarks/blank 576/700
[step-001000] benchmarks/blank 592/700
[step-001000] benchmarks/blank 608/700
[step-001000] benchmarks/blank 624/700
[step-001000] benchmarks/blank 640/700
[step-001000] benchmarks/blank 656/700
[step-001000] benchmarks/blank 672/700
[step-001000] benchmarks/blank 688/700
[step-001000] benchmarks/blank 700/700
[step-001000] benchmarks/shuffled_image 16/700
[step-001000] benchmarks/shuffled_image 32/700
[step-001000] benchmarks/shuffled_image 48/700
[step-001000] benchmarks/shuffled_image 64/700
[step-001000] benchmarks/shuffled_image 80/700
[step-001000] benchmarks/shuffled_image 96/700
[step-001000] benchmarks/shuffled_image 112/700
[step-001000] benchmarks/shuffled_image 128/700
[step-001000] benchmarks/shuffled_image 144/700
[step-001000] benchmarks/shuffled_image 160/700
[step-001000] benchmarks/shuffled_image 176/700
[step-001000] benchmarks/shuffled_image 192/700
[step-001000] benchmarks/shuffled_image 208/700
[step-001000] benchmarks/shuffled_image 224/700
[step-001000] benchmarks/shuffled_image 240/700
[step-001000] benchmarks/shuffled_image 256/700
[step-001000] benchmarks/shuffled_image 272/700
[step-001000] benchmarks/shuffled_image 288/700
[step-001000] benchmarks/shuffled_image 304/700
[step-001000] benchmarks/shuffled_image 320/700
[step-001000] benchmarks/shuffled_image 336/700
[step-001000] benchmarks/shuffled_image 352/700
[step-001000] benchmarks/shuffled_image 368/700
[step-001000] benchmarks/shuffled_image 384/700
[step-001000] benchmarks/shuffled_image 400/700
[step-001000] benchmarks/shuffled_image 416/700
[step-001000] benchmarks/shuffled_image 432/700
[step-001000] benchmarks/shuffled_image 448/700
[step-001000] benchmarks/shuffled_image 464/700
[step-001000] benchmarks/shuffled_image 480/700
[step-001000] benchmarks/shuffled_image 496/700
[step-001000] benchmarks/shuffled_image 512/700
[step-001000] benchmarks/shuffled_image 528/700
[step-001000] benchmarks/shuffled_image 544/700
[step-001000] benchmarks/shuffled_image 560/700
[step-001000] benchmarks/shuffled_image 576/700
[step-001000] benchmarks/shuffled_image 592/700
[step-001000] benchmarks/shuffled_image 608/700
[step-001000] benchmarks/shuffled_image 624/700
[step-001000] benchmarks/shuffled_image 640/700
[step-001000] benchmarks/shuffled_image 656/700
[step-001000] benchmarks/shuffled_image 672/700
[step-001000] benchmarks/shuffled_image 688/700
[step-001000] benchmarks/shuffled_image 700/700
[step-001000] benchmarks/patch_permutation 16/700
[step-001000] benchmarks/patch_permutation 32/700
[step-001000] benchmarks/patch_permutation 48/700
[step-001000] benchmarks/patch_permutation 64/700
[step-001000] benchmarks/patch_permutation 80/700
[step-001000] benchmarks/patch_permutation 96/700
[step-001000] benchmarks/patch_permutation 112/700
[step-001000] benchmarks/patch_permutation 128/700
[step-001000] benchmarks/patch_permutation 144/700
[step-001000] benchmarks/patch_permutation 160/700
[step-001000] benchmarks/patch_permutation 176/700
[step-001000] benchmarks/patch_permutation 192/700
[step-001000] benchmarks/patch_permutation 208/700
[step-001000] benchmarks/patch_permutation 224/700
[step-001000] benchmarks/patch_permutation 240/700
[step-001000] benchmarks/patch_permutation 256/700
[step-001000] benchmarks/patch_permutation 272/700
[step-001000] benchmarks/patch_permutation 288/700
[step-001000] benchmarks/patch_permutation 304/700
[step-001000] benchmarks/patch_permutation 320/700
[step-001000] benchmarks/patch_permutation 336/700
[step-001000] benchmarks/patch_permutation 352/700
[step-001000] benchmarks/patch_permutation 368/700
[step-001000] benchmarks/patch_permutation 384/700
[step-001000] benchmarks/patch_permutation 400/700
[step-001000] benchmarks/patch_permutation 416/700
[step-001000] benchmarks/patch_permutation 432/700
[step-001000] benchmarks/patch_permutation 448/700
[step-001000] benchmarks/patch_permutation 464/700
[step-001000] benchmarks/patch_permutation 480/700
[step-001000] benchmarks/patch_permutation 496/700
[step-001000] benchmarks/patch_permutation 512/700
[step-001000] benchmarks/patch_permutation 528/700
[step-001000] benchmarks/patch_permutation 544/700
[step-001000] benchmarks/patch_permutation 560/700
[step-001000] benchmarks/patch_permutation 576/700
[step-001000] benchmarks/patch_permutation 592/700
[step-001000] benchmarks/patch_permutation 608/700
[step-001000] benchmarks/patch_permutation 624/700
[step-001000] benchmarks/patch_permutation 640/700
[step-001000] benchmarks/patch_permutation 656/700
[step-001000] benchmarks/patch_permutation 672/700
[step-001000] benchmarks/patch_permutation 688/700
[step-001000] benchmarks/patch_permutation 700/700
[step-001000] shuffle-loss 1/32
[step-001000] shuffle-loss 2/32
[step-001000] shuffle-loss 3/32
[step-001000] shuffle-loss 4/32
[step-001000] shuffle-loss 5/32
[step-001000] shuffle-loss 6/32
[step-001000] shuffle-loss 7/32
[step-001000] shuffle-loss 8/32
[step-001000] shuffle-loss 9/32
[step-001000] shuffle-loss 10/32
[step-001000] shuffle-loss 11/32
[step-001000] shuffle-loss 12/32
[step-001000] shuffle-loss 13/32
[step-001000] shuffle-loss 14/32
[step-001000] shuffle-loss 15/32
[step-001000] shuffle-loss 16/32
[step-001000] shuffle-loss 17/32
[step-001000] shuffle-loss 18/32
[step-001000] shuffle-loss 19/32
[step-001000] shuffle-loss 20/32
[step-001000] shuffle-loss 21/32
[step-001000] shuffle-loss 22/32
[step-001000] shuffle-loss 23/32
[step-001000] shuffle-loss 24/32
[step-001000] shuffle-loss 25/32
[step-001000] shuffle-loss 26/32
[step-001000] shuffle-loss 27/32
[step-001000] shuffle-loss 28/32
[step-001000] shuffle-loss 29/32
[step-001000] shuffle-loss 30/32
[step-001000] shuffle-loss 31/32
[step-001000] shuffle-loss 32/32
[step-001500] synthetic/vision 64/600
[step-001500] synthetic/vision 128/600
[step-001500] synthetic/vision 192/600
[step-001500] synthetic/vision 256/600
[step-001500] synthetic/vision 320/600
[step-001500] synthetic/vision 384/600
[step-001500] synthetic/vision 448/600
[step-001500] synthetic/vision 512/600
[step-001500] synthetic/vision 576/600
[step-001500] synthetic/vision 600/600
[step-001500] synthetic/blind 64/600
[step-001500] synthetic/blind 128/600
[step-001500] synthetic/blind 192/600
[step-001500] synthetic/blind 256/600
[step-001500] synthetic/blind 320/600
[step-001500] synthetic/blind 384/600
[step-001500] synthetic/blind 448/600
[step-001500] synthetic/blind 512/600
[step-001500] synthetic/blind 576/600
[step-001500] synthetic/blind 600/600
[step-001500] synthetic/blank 64/600
[step-001500] synthetic/blank 128/600
[step-001500] synthetic/blank 192/600
[step-001500] synthetic/blank 256/600
[step-001500] synthetic/blank 320/600
[step-001500] synthetic/blank 384/600
[step-001500] synthetic/blank 448/600
[step-001500] synthetic/blank 512/600
[step-001500] synthetic/blank 576/600
[step-001500] synthetic/blank 600/600
[step-001500] synthetic/same_image 64/600
[step-001500] synthetic/same_image 128/600
[step-001500] synthetic/same_image 192/600
[step-001500] synthetic/same_image 256/600
[step-001500] synthetic/same_image 320/600
[step-001500] synthetic/same_image 384/600
[step-001500] synthetic/same_image 448/600
[step-001500] synthetic/same_image 512/600
[step-001500] synthetic/same_image 576/600
[step-001500] synthetic/same_image 600/600
[step-001500] synthetic/shuffled_image 64/600
[step-001500] synthetic/shuffled_image 128/600
[step-001500] synthetic/shuffled_image 192/600
[step-001500] synthetic/shuffled_image 256/600
[step-001500] synthetic/shuffled_image 320/600
[step-001500] synthetic/shuffled_image 384/600
[step-001500] synthetic/shuffled_image 448/600
[step-001500] synthetic/shuffled_image 512/600
[step-001500] synthetic/shuffled_image 576/600
[step-001500] synthetic/shuffled_image 600/600
[step-001500] synthetic/patch_permutation 64/600
[step-001500] synthetic/patch_permutation 128/600
[step-001500] synthetic/patch_permutation 192/600
[step-001500] synthetic/patch_permutation 256/600
[step-001500] synthetic/patch_permutation 320/600
[step-001500] synthetic/patch_permutation 384/600
[step-001500] synthetic/patch_permutation 448/600
[step-001500] synthetic/patch_permutation 512/600
[step-001500] synthetic/patch_permutation 576/600
[step-001500] synthetic/patch_permutation 600/600
[step-001500] synthetic/paired_counterfactual_image 64/600
[step-001500] synthetic/paired_counterfactual_image 128/600
[step-001500] synthetic/paired_counterfactual_image 192/600
[step-001500] synthetic/paired_counterfactual_image 256/600
[step-001500] synthetic/paired_counterfactual_image 320/600
[step-001500] synthetic/paired_counterfactual_image 384/600
[step-001500] synthetic/paired_counterfactual_image 448/600
[step-001500] synthetic/paired_counterfactual_image 512/600
[step-001500] synthetic/paired_counterfactual_image 576/600
[step-001500] synthetic/paired_counterfactual_image 600/600
[step-001500] synthetic/background_matched_aux 64/600
[step-001500] synthetic/background_matched_aux 128/600
[step-001500] synthetic/background_matched_aux 192/600
[step-001500] synthetic/background_matched_aux 256/600
[step-001500] synthetic/background_matched_aux 320/600
[step-001500] synthetic/background_matched_aux 384/600
[step-001500] synthetic/background_matched_aux 448/600
[step-001500] synthetic/background_matched_aux 512/600
[step-001500] synthetic/background_matched_aux 576/600
[step-001500] synthetic/background_matched_aux 600/600
[step-001500] benchmarks/vision 16/700
[step-001500] benchmarks/vision 32/700
[step-001500] benchmarks/vision 48/700
[step-001500] benchmarks/vision 64/700
[step-001500] benchmarks/vision 80/700
[step-001500] benchmarks/vision 96/700
[step-001500] benchmarks/vision 112/700
[step-001500] benchmarks/vision 128/700
[step-001500] benchmarks/vision 144/700
[step-001500] benchmarks/vision 160/700
[step-001500] benchmarks/vision 176/700
[step-001500] benchmarks/vision 192/700
[step-001500] benchmarks/vision 208/700
[step-001500] benchmarks/vision 224/700
[step-001500] benchmarks/vision 240/700
[step-001500] benchmarks/vision 256/700
[step-001500] benchmarks/vision 272/700
[step-001500] benchmarks/vision 288/700
[step-001500] benchmarks/vision 304/700
[step-001500] benchmarks/vision 320/700
[step-001500] benchmarks/vision 336/700
[step-001500] benchmarks/vision 352/700
[step-001500] benchmarks/vision 368/700
[step-001500] benchmarks/vision 384/700
[step-001500] benchmarks/vision 400/700
[step-001500] benchmarks/vision 416/700
[step-001500] benchmarks/vision 432/700
[step-001500] benchmarks/vision 448/700
[step-001500] benchmarks/vision 464/700
[step-001500] benchmarks/vision 480/700
[step-001500] benchmarks/vision 496/700
[step-001500] benchmarks/vision 512/700
[step-001500] benchmarks/vision 528/700
[step-001500] benchmarks/vision 544/700
[step-001500] benchmarks/vision 560/700
[step-001500] benchmarks/vision 576/700
[step-001500] benchmarks/vision 592/700
[step-001500] benchmarks/vision 608/700
[step-001500] benchmarks/vision 624/700
[step-001500] benchmarks/vision 640/700
[step-001500] benchmarks/vision 656/700
[step-001500] benchmarks/vision 672/700
[step-001500] benchmarks/vision 688/700
[step-001500] benchmarks/vision 700/700
[step-001500] benchmarks/blind 16/700
[step-001500] benchmarks/blind 32/700
[step-001500] benchmarks/blind 48/700
[step-001500] benchmarks/blind 64/700
[step-001500] benchmarks/blind 80/700
[step-001500] benchmarks/blind 96/700
[step-001500] benchmarks/blind 112/700
[step-001500] benchmarks/blind 128/700
[step-001500] benchmarks/blind 144/700
[step-001500] benchmarks/blind 160/700
[step-001500] benchmarks/blind 176/700
[step-001500] benchmarks/blind 192/700
[step-001500] benchmarks/blind 208/700
[step-001500] benchmarks/blind 224/700
[step-001500] benchmarks/blind 240/700
[step-001500] benchmarks/blind 256/700
[step-001500] benchmarks/blind 272/700
[step-001500] benchmarks/blind 288/700
[step-001500] benchmarks/blind 304/700
[step-001500] benchmarks/blind 320/700
[step-001500] benchmarks/blind 336/700
[step-001500] benchmarks/blind 352/700
[step-001500] benchmarks/blind 368/700
[step-001500] benchmarks/blind 384/700
[step-001500] benchmarks/blind 400/700
[step-001500] benchmarks/blind 416/700
[step-001500] benchmarks/blind 432/700
[step-001500] benchmarks/blind 448/700
[step-001500] benchmarks/blind 464/700
[step-001500] benchmarks/blind 480/700
[step-001500] benchmarks/blind 496/700
[step-001500] benchmarks/blind 512/700
[step-001500] benchmarks/blind 528/700
[step-001500] benchmarks/blind 544/700
[step-001500] benchmarks/blind 560/700
[step-001500] benchmarks/blind 576/700
[step-001500] benchmarks/blind 592/700
[step-001500] benchmarks/blind 608/700
[step-001500] benchmarks/blind 624/700
[step-001500] benchmarks/blind 640/700
[step-001500] benchmarks/blind 656/700
[step-001500] benchmarks/blind 672/700
[step-001500] benchmarks/blind 688/700
[step-001500] benchmarks/blind 700/700
[step-001500] shuffle-loss 1/32
[step-001500] shuffle-loss 2/32
[step-001500] shuffle-loss 3/32
[step-001500] shuffle-loss 4/32
[step-001500] shuffle-loss 5/32
[step-001500] shuffle-loss 6/32
[step-001500] shuffle-loss 7/32
[step-001500] shuffle-loss 8/32
[step-001500] shuffle-loss 9/32
[step-001500] shuffle-loss 10/32
[step-001500] shuffle-loss 11/32
[step-001500] shuffle-loss 12/32
[step-001500] shuffle-loss 13/32
[step-001500] shuffle-loss 14/32
[step-001500] shuffle-loss 15/32
[step-001500] shuffle-loss 16/32
[step-001500] shuffle-loss 17/32
[step-001500] shuffle-loss 18/32
[step-001500] shuffle-loss 19/32
[step-001500] shuffle-loss 20/32
[step-001500] shuffle-loss 21/32
[step-001500] shuffle-loss 22/32
[step-001500] shuffle-loss 23/32
[step-001500] shuffle-loss 24/32
[step-001500] shuffle-loss 25/32
[step-001500] shuffle-loss 26/32
[step-001500] shuffle-loss 27/32
[step-001500] shuffle-loss 28/32
[step-001500] shuffle-loss 29/32
[step-001500] shuffle-loss 30/32
[step-001500] shuffle-loss 31/32
[step-001500] shuffle-loss 32/32
[step-002000] synthetic/vision 64/600
[step-002000] synthetic/vision 128/600
[step-002000] synthetic/vision 192/600
[step-002000] synthetic/vision 256/600
[step-002000] synthetic/vision 320/600
[step-002000] synthetic/vision 384/600
[step-002000] synthetic/vision 448/600
[step-002000] synthetic/vision 512/600
[step-002000] synthetic/vision 576/600
[step-002000] synthetic/vision 600/600
[step-002000] synthetic/blind 64/600
[step-002000] synthetic/blind 128/600
[step-002000] synthetic/blind 192/600
[step-002000] synthetic/blind 256/600
[step-002000] synthetic/blind 320/600
[step-002000] synthetic/blind 384/600
[step-002000] synthetic/blind 448/600
[step-002000] synthetic/blind 512/600
[step-002000] synthetic/blind 576/600
[step-002000] synthetic/blind 600/600
[step-002000] synthetic/blank 64/600
[step-002000] synthetic/blank 128/600
[step-002000] synthetic/blank 192/600
[step-002000] synthetic/blank 256/600
[step-002000] synthetic/blank 320/600
[step-002000] synthetic/blank 384/600
[step-002000] synthetic/blank 448/600
[step-002000] synthetic/blank 512/600
[step-002000] synthetic/blank 576/600
[step-002000] synthetic/blank 600/600
[step-002000] synthetic/same_image 64/600
[step-002000] synthetic/same_image 128/600
[step-002000] synthetic/same_image 192/600
[step-002000] synthetic/same_image 256/600
[step-002000] synthetic/same_image 320/600
[step-002000] synthetic/same_image 384/600
[step-002000] synthetic/same_image 448/600
[step-002000] synthetic/same_image 512/600
[step-002000] synthetic/same_image 576/600
[step-002000] synthetic/same_image 600/600
[step-002000] synthetic/shuffled_image 64/600
[step-002000] synthetic/shuffled_image 128/600
[step-002000] synthetic/shuffled_image 192/600
[step-002000] synthetic/shuffled_image 256/600
[step-002000] synthetic/shuffled_image 320/600
[step-002000] synthetic/shuffled_image 384/600
[step-002000] synthetic/shuffled_image 448/600
[step-002000] synthetic/shuffled_image 512/600
[step-002000] synthetic/shuffled_image 576/600
[step-002000] synthetic/shuffled_image 600/600
[step-002000] synthetic/patch_permutation 64/600
[step-002000] synthetic/patch_permutation 128/600
[step-002000] synthetic/patch_permutation 192/600
[step-002000] synthetic/patch_permutation 256/600
[step-002000] synthetic/patch_permutation 320/600
[step-002000] synthetic/patch_permutation 384/600
[step-002000] synthetic/patch_permutation 448/600
[step-002000] synthetic/patch_permutation 512/600
[step-002000] synthetic/patch_permutation 576/600
[step-002000] synthetic/patch_permutation 600/600
[step-002000] synthetic/paired_counterfactual_image 64/600
[step-002000] synthetic/paired_counterfactual_image 128/600
[step-002000] synthetic/paired_counterfactual_image 192/600
[step-002000] synthetic/paired_counterfactual_image 256/600
[step-002000] synthetic/paired_counterfactual_image 320/600
[step-002000] synthetic/paired_counterfactual_image 384/600
[step-002000] synthetic/paired_counterfactual_image 448/600
[step-002000] synthetic/paired_counterfactual_image 512/600
[step-002000] synthetic/paired_counterfactual_image 576/600
[step-002000] synthetic/paired_counterfactual_image 600/600
[step-002000] synthetic/background_matched_aux 64/600
[step-002000] synthetic/background_matched_aux 128/600
[step-002000] synthetic/background_matched_aux 192/600
[step-002000] synthetic/background_matched_aux 256/600
[step-002000] synthetic/background_matched_aux 320/600
[step-002000] synthetic/background_matched_aux 384/600
[step-002000] synthetic/background_matched_aux 448/600
[step-002000] synthetic/background_matched_aux 512/600
[step-002000] synthetic/background_matched_aux 576/600
[step-002000] synthetic/background_matched_aux 600/600
[step-002000] benchmarks/vision 16/700
[step-002000] benchmarks/vision 32/700
[step-002000] benchmarks/vision 48/700
[step-002000] benchmarks/vision 64/700
[step-002000] benchmarks/vision 80/700
[step-002000] benchmarks/vision 96/700
[step-002000] benchmarks/vision 112/700
[step-002000] benchmarks/vision 128/700
[step-002000] benchmarks/vision 144/700
[step-002000] benchmarks/vision 160/700
[step-002000] benchmarks/vision 176/700
[step-002000] benchmarks/vision 192/700
[step-002000] benchmarks/vision 208/700
[step-002000] benchmarks/vision 224/700
[step-002000] benchmarks/vision 240/700
[step-002000] benchmarks/vision 256/700
[step-002000] benchmarks/vision 272/700
[step-002000] benchmarks/vision 288/700
[step-002000] benchmarks/vision 304/700
[step-002000] benchmarks/vision 320/700
[step-002000] benchmarks/vision 336/700
[step-002000] benchmarks/vision 352/700
[step-002000] benchmarks/vision 368/700
[step-002000] benchmarks/vision 384/700
[step-002000] benchmarks/vision 400/700
[step-002000] benchmarks/vision 416/700
[step-002000] benchmarks/vision 432/700
[step-002000] benchmarks/vision 448/700
[step-002000] benchmarks/vision 464/700
[step-002000] benchmarks/vision 480/700
[step-002000] benchmarks/vision 496/700
[step-002000] benchmarks/vision 512/700
[step-002000] benchmarks/vision 528/700
[step-002000] benchmarks/vision 544/700
[step-002000] benchmarks/vision 560/700
[step-002000] benchmarks/vision 576/700
[step-002000] benchmarks/vision 592/700
[step-002000] benchmarks/vision 608/700
[step-002000] benchmarks/vision 624/700
[step-002000] benchmarks/vision 640/700
[step-002000] benchmarks/vision 656/700
[step-002000] benchmarks/vision 672/700
[step-002000] benchmarks/vision 688/700
[step-002000] benchmarks/vision 700/700
[step-002000] benchmarks/blind 16/700
[step-002000] benchmarks/blind 32/700
[step-002000] benchmarks/blind 48/700
[step-002000] benchmarks/blind 64/700
[step-002000] benchmarks/blind 80/700
[step-002000] benchmarks/blind 96/700
[step-002000] benchmarks/blind 112/700
[step-002000] benchmarks/blind 128/700
[step-002000] benchmarks/blind 144/700
[step-002000] benchmarks/blind 160/700
[step-002000] benchmarks/blind 176/700
[step-002000] benchmarks/blind 192/700
[step-002000] benchmarks/blind 208/700
[step-002000] benchmarks/blind 224/700
[step-002000] benchmarks/blind 240/700
[step-002000] benchmarks/blind 256/700
[step-002000] benchmarks/blind 272/700
[step-002000] benchmarks/blind 288/700
[step-002000] benchmarks/blind 304/700
[step-002000] benchmarks/blind 320/700
[step-002000] benchmarks/blind 336/700
[step-002000] benchmarks/blind 352/700
[step-002000] benchmarks/blind 368/700
[step-002000] benchmarks/blind 384/700
[step-002000] benchmarks/blind 400/700
[step-002000] benchmarks/blind 416/700
[step-002000] benchmarks/blind 432/700
[step-002000] benchmarks/blind 448/700
[step-002000] benchmarks/blind 464/700
[step-002000] benchmarks/blind 480/700
[step-002000] benchmarks/blind 496/700
[step-002000] benchmarks/blind 512/700
[step-002000] benchmarks/blind 528/700
[step-002000] benchmarks/blind 544/700
[step-002000] benchmarks/blind 560/700
[step-002000] benchmarks/blind 576/700
[step-002000] benchmarks/blind 592/700
[step-002000] benchmarks/blind 608/700
[step-002000] benchmarks/blind 624/700
[step-002000] benchmarks/blind 640/700
[step-002000] benchmarks/blind 656/700
[step-002000] benchmarks/blind 672/700
[step-002000] benchmarks/blind 688/700
[step-002000] benchmarks/blind 700/700
[step-002000] benchmarks/blank 16/700
[step-002000] benchmarks/blank 32/700
[step-002000] benchmarks/blank 48/700
[step-002000] benchmarks/blank 64/700
[step-002000] benchmarks/blank 80/700
[step-002000] benchmarks/blank 96/700
[step-002000] benchmarks/blank 112/700
[step-002000] benchmarks/blank 128/700
[step-002000] benchmarks/blank 144/700
[step-002000] benchmarks/blank 160/700
[step-002000] benchmarks/blank 176/700
[step-002000] benchmarks/blank 192/700
[step-002000] benchmarks/blank 208/700
[step-002000] benchmarks/blank 224/700
[step-002000] benchmarks/blank 240/700
[step-002000] benchmarks/blank 256/700
[step-002000] benchmarks/blank 272/700
[step-002000] benchmarks/blank 288/700
[step-002000] benchmarks/blank 304/700
[step-002000] benchmarks/blank 320/700
[step-002000] benchmarks/blank 336/700
[step-002000] benchmarks/blank 352/700
[step-002000] benchmarks/blank 368/700
[step-002000] benchmarks/blank 384/700
[step-002000] benchmarks/blank 400/700
[step-002000] benchmarks/blank 416/700
[step-002000] benchmarks/blank 432/700
[step-002000] benchmarks/blank 448/700
[step-002000] benchmarks/blank 464/700
[step-002000] benchmarks/blank 480/700
[step-002000] benchmarks/blank 496/700
[step-002000] benchmarks/blank 512/700
[step-002000] benchmarks/blank 528/700
[step-002000] benchmarks/blank 544/700
[step-002000] benchmarks/blank 560/700
[step-002000] benchmarks/blank 576/700
[step-002000] benchmarks/blank 592/700
[step-002000] benchmarks/blank 608/700
[step-002000] benchmarks/blank 624/700
[step-002000] benchmarks/blank 640/700
[step-002000] benchmarks/blank 656/700
[step-002000] benchmarks/blank 672/700
[step-002000] benchmarks/blank 688/700
[step-002000] benchmarks/blank 700/700
[step-002000] benchmarks/shuffled_image 16/700
[step-002000] benchmarks/shuffled_image 32/700
[step-002000] benchmarks/shuffled_image 48/700
[step-002000] benchmarks/shuffled_image 64/700
[step-002000] benchmarks/shuffled_image 80/700
[step-002000] benchmarks/shuffled_image 96/700
[step-002000] benchmarks/shuffled_image 112/700
[step-002000] benchmarks/shuffled_image 128/700
[step-002000] benchmarks/shuffled_image 144/700
[step-002000] benchmarks/shuffled_image 160/700
[step-002000] benchmarks/shuffled_image 176/700
[step-002000] benchmarks/shuffled_image 192/700
[step-002000] benchmarks/shuffled_image 208/700
[step-002000] benchmarks/shuffled_image 224/700
[step-002000] benchmarks/shuffled_image 240/700
[step-002000] benchmarks/shuffled_image 256/700
[step-002000] benchmarks/shuffled_image 272/700
[step-002000] benchmarks/shuffled_image 288/700
[step-002000] benchmarks/shuffled_image 304/700
[step-002000] benchmarks/shuffled_image 320/700
[step-002000] benchmarks/shuffled_image 336/700
[step-002000] benchmarks/shuffled_image 352/700
[step-002000] benchmarks/shuffled_image 368/700
[step-002000] benchmarks/shuffled_image 384/700
[step-002000] benchmarks/shuffled_image 400/700
[step-002000] benchmarks/shuffled_image 416/700
[step-002000] benchmarks/shuffled_image 432/700
[step-002000] benchmarks/shuffled_image 448/700
[step-002000] benchmarks/shuffled_image 464/700
[step-002000] benchmarks/shuffled_image 480/700
[step-002000] benchmarks/shuffled_image 496/700
[step-002000] benchmarks/shuffled_image 512/700
[step-002000] benchmarks/shuffled_image 528/700
[step-002000] benchmarks/shuffled_image 544/700
[step-002000] benchmarks/shuffled_image 560/700
[step-002000] benchmarks/shuffled_image 576/700
[step-002000] benchmarks/shuffled_image 592/700
[step-002000] benchmarks/shuffled_image 608/700
[step-002000] benchmarks/shuffled_image 624/700
[step-002000] benchmarks/shuffled_image 640/700
[step-002000] benchmarks/shuffled_image 656/700
[step-002000] benchmarks/shuffled_image 672/700
[step-002000] benchmarks/shuffled_image 688/700
[step-002000] benchmarks/shuffled_image 700/700
[step-002000] benchmarks/patch_permutation 16/700
[step-002000] benchmarks/patch_permutation 32/700
[step-002000] benchmarks/patch_permutation 48/700
[step-002000] benchmarks/patch_permutation 64/700
[step-002000] benchmarks/patch_permutation 80/700
[step-002000] benchmarks/patch_permutation 96/700
[step-002000] benchmarks/patch_permutation 112/700
[step-002000] benchmarks/patch_permutation 128/700
[step-002000] benchmarks/patch_permutation 144/700
[step-002000] benchmarks/patch_permutation 160/700
[step-002000] benchmarks/patch_permutation 176/700
[step-002000] benchmarks/patch_permutation 192/700
[step-002000] benchmarks/patch_permutation 208/700
[step-002000] benchmarks/patch_permutation 224/700
[step-002000] benchmarks/patch_permutation 240/700
[step-002000] benchmarks/patch_permutation 256/700
[step-002000] benchmarks/patch_permutation 272/700
[step-002000] benchmarks/patch_permutation 288/700
[step-002000] benchmarks/patch_permutation 304/700
[step-002000] benchmarks/patch_permutation 320/700
[step-002000] benchmarks/patch_permutation 336/700
[step-002000] benchmarks/patch_permutation 352/700
[step-002000] benchmarks/patch_permutation 368/700
[step-002000] benchmarks/patch_permutation 384/700
[step-002000] benchmarks/patch_permutation 400/700
[step-002000] benchmarks/patch_permutation 416/700
[step-002000] benchmarks/patch_permutation 432/700
[step-002000] benchmarks/patch_permutation 448/700
[step-002000] benchmarks/patch_permutation 464/700
[step-002000] benchmarks/patch_permutation 480/700
[step-002000] benchmarks/patch_permutation 496/700
[step-002000] benchmarks/patch_permutation 512/700
[step-002000] benchmarks/patch_permutation 528/700
[step-002000] benchmarks/patch_permutation 544/700
[step-002000] benchmarks/patch_permutation 560/700
[step-002000] benchmarks/patch_permutation 576/700
[step-002000] benchmarks/patch_permutation 592/700
[step-002000] benchmarks/patch_permutation 608/700
[step-002000] benchmarks/patch_permutation 624/700
[step-002000] benchmarks/patch_permutation 640/700
[step-002000] benchmarks/patch_permutation 656/700
[step-002000] benchmarks/patch_permutation 672/700
[step-002000] benchmarks/patch_permutation 688/700
[step-002000] benchmarks/patch_permutation 700/700
[step-002000] shuffle-loss 1/32
[step-002000] shuffle-loss 2/32
[step-002000] shuffle-loss 3/32
[step-002000] shuffle-loss 4/32
[step-002000] shuffle-loss 5/32
[step-002000] shuffle-loss 6/32
[step-002000] shuffle-loss 7/32
[step-002000] shuffle-loss 8/32
[step-002000] shuffle-loss 9/32
[step-002000] shuffle-loss 10/32
[step-002000] shuffle-loss 11/32
[step-002000] shuffle-loss 12/32
[step-002000] shuffle-loss 13/32
[step-002000] shuffle-loss 14/32
[step-002000] shuffle-loss 15/32
[step-002000] shuffle-loss 16/32
[step-002000] shuffle-loss 17/32
[step-002000] shuffle-loss 18/32
[step-002000] shuffle-loss 19/32
[step-002000] shuffle-loss 20/32
[step-002000] shuffle-loss 21/32
[step-002000] shuffle-loss 22/32
[step-002000] shuffle-loss 23/32
[step-002000] shuffle-loss 24/32
[step-002000] shuffle-loss 25/32
[step-002000] shuffle-loss 26/32
[step-002000] shuffle-loss 27/32
[step-002000] shuffle-loss 28/32
[step-002000] shuffle-loss 29/32
[step-002000] shuffle-loss 30/32
[step-002000] shuffle-loss 31/32
[step-002000] shuffle-loss 32/32
{
  "status": "valid",
  "wall_seconds": 2745.863419532776,
  "peak_gpu_memory_bytes": 9817912832,
  "failures": 0,
  "summary": "/run/media/ezra/13D010B6FDBC1A06/data/perception_v1/trajectory/trajectory_v5/SUMMARY.json"
}
