/run/media/ezra/13D010B6FDBC1A06/1CatVLLM/.venv-1cat/lib/python3.12/site-packages/torch/cuda/__init__.py:1007: UserWarning: Can't initialize NVML
  raw_cnt = _raw_device_count_nvml()
Loading weights:   0%|          | 0/290 [00:00<?, ?it/s]Loading weights: 100%|██████████| 290/290 [00:00<00:00, 23030.35it/s]
{"step": 51, "loss": 1.4317339658737183, "task_loss": 1.4317339658737183, "anchor_loss": 0.0, "anchor_weight": 0.0001, "anchor_selected_records": 8, "gradient_norm_before_clip": 0.8286067247390747, "batch_size": 24, "examples_seen": 1224, "continuation_examples_seen": 24, "answer_tokens_seen": 65, "task_counts": {"color": 4, "coordinate": 4, "count": 4, "ocr": 4, "shape": 4, "spatial": 4}, "step_wall_seconds": 2.9566597938537598, "peak_gpu_memory_bytes": 11690436608}
{"step": 75, "loss": 1.5639779567718506, "task_loss": 1.560119390487671, "anchor_loss": 38.5855598449707, "anchor_weight": 0.0001, "anchor_selected_records": 8, "gradient_norm_before_clip": 1.0370533466339111, "batch_size": 24, "examples_seen": 1800, "continuation_examples_seen": 600, "answer_tokens_seen": 1643, "task_counts": {"color": 4, "coordinate": 4, "count": 4, "ocr": 4, "shape": 4, "spatial": 4}, "step_wall_seconds": 0.9225389957427979, "peak_gpu_memory_bytes": 11821950976}
{"step": 100, "loss": 1.27546226978302, "task_loss": 1.2698640823364258, "anchor_loss": 55.98210144042969, "anchor_weight": 0.0001, "anchor_selected_records": 8, "gradient_norm_before_clip": 1.033034324645996, "batch_size": 24, "examples_seen": 2400, "continuation_examples_seen": 1200, "answer_tokens_seen": 3278, "task_counts": {"color": 4, "coordinate": 4, "count": 4, "ocr": 4, "shape": 4, "spatial": 4}, "step_wall_seconds": 0.8957676887512207, "peak_gpu_memory_bytes": 11896700416}
/run/media/ezra/13D010B6FDBC1A06/1CatVLLM/.venv-1cat/lib/python3.12/site-packages/torch/cuda/__init__.py:1007: UserWarning: Can't initialize NVML
  raw_cnt = _raw_device_count_nvml()
{
  "status": "valid",
  "format_version": "matched-projector-retention-training-v1",
  "arm": "anchor_1e-4",
  "kind": "projector",
  "metadata": {
    "completed_at_utc": "2026-08-05T05:09:03.845853+00:00",
    "git_sha": "d5944d934f9cf27bf6b71eec137450491083eafc",
    "host": "doesworkstation",
    "torch": "2.10.0+cu128",
    "gpu": "Tesla V100-PCIE-32GB",
    "wall_seconds": 105.91861319541931,
    "peak_gpu_memory_bytes": 11896700416,
    "final_half_scored": false
  },
  "initial_step": 50,
  "steps": 100,
  "continuation_steps": 50,
  "batch_size": 24,
  "examples_seen": 2400,
  "continuation_examples_seen": 1200,
  "train_records": 2400,
  "train_pairs": 1200,
  "tasks": [
    "color",
    "coordinate",
    "count",
    "ocr",
    "shape",
    "spatial"
  ],
  "train_records_by_task": {
    "color": 400,
    "coordinate": 400,
    "count": 400,
    "ocr": 400,
    "shape": 400,
    "spatial": 400
  },
  "trainable_parameters": 20454272,
  "resolved_lora_modules": [],
  "base_projector_sha256": "995e3475a033ae1ffb274ea4c9dfa5ebd429b0f7a2a3ae71f4a786b52d654748",
  "projector_config_source": "/run/media/ezra/13D010B6FDBC1A06/data/gate_b/ckpt/checkpoints/step-000500",
  "projector_config_sha256": "d505f4a2ee6a2312c758ae16bfaf051367282ede7617676fd1234c118e4c7804",
  "optimizer_resume": {
    "restored": true,
    "source": "/run/media/ezra/13D010B6FDBC1A06/data/perception_v1/adaptation/balanced_multitask_projector_v1/checkpoints/step-000050/training_state.pt",
    "source_step": 50,
    "source_sha256": "0588e4d958afeafb22679b54e1b364ccf054574a43291f8fbea9629b675b45ad"
  },
  "training_order_resume": {
    "source": "/run/media/ezra/13D010B6FDBC1A06/data/perception_v1/adaptation/balanced_multitask_projector_v1/training_order.jsonl",
    "source_sha256": "628a6f2d561910eb6eb7ddc7ea27869e40df94ea93c5e5622937871c25319e71",
    "start_step_exclusive": 50,
    "end_step_inclusive": 100,
    "steps": [
      51,
      52,
      53,
      54,
      55,
      56,
      57,
      58,
      59,
      60,
      61,
      62,
      63,
      64,
      65,
      66,
      67,
      68,
      69,
      70,
      71,
      72,
      73,
      74,
      75,
      76,
      77,
      78,
      79,
      80,
      81,
      82,
      83,
      84,
      85,
      86,
      87,
      88,
      89,
      90,
      91,
      92,
      93,
      94,
      95,
      96,
      97,
      98,
      99,
      100
    ],
    "first_batch_ids": [
      "train-color-00122-b",
      "train-color-00076-b",
      "train-color-00079-b",
      "train-color-00129-a",
      "train-coordinate-00198-b",
      "train-coordinate-00020-b",
      "train-coordinate-00094-a",
      "train-coordinate-00088-a",
      "train-count-00007-b",
      "train-count-00032-b",
      "train-count-00173-a",
      "train-count-00180-b",
      "train-ocr-00034-a",
      "train-ocr-00085-b",
      "train-ocr-00121-a",
      "train-ocr-00099-a",
      "train-shape-00173-b",
      "train-shape-00057-a",
      "train-shape-00080-b",
      "train-shape-00052-a",
      "train-spatial-00090-b",
      "train-spatial-00075-a",
      "train-spatial-00050-a",
      "train-spatial-00198-b"
    ],
    "last_batch_ids": [
      "train-color-00063-b",
      "train-color-00049-a",
      "train-color-00168-b",
      "train-color-00106-a",
      "train-coordinate-00182-b",
      "train-coordinate-00067-b",
      "train-coordinate-00035-b",
      "train-coordinate-00072-a",
      "train-count-00089-a",
      "train-count-00119-b",
      "train-count-00103-a",
      "train-count-00184-b",
      "train-ocr-00185-a",
      "train-ocr-00061-b",
      "train-ocr-00136-b",
      "train-ocr-00167-b",
      "train-shape-00177-b",
      "train-shape-00061-a",
      "train-shape-00006-b",
      "train-shape-00085-a",
      "train-spatial-00140-b",
      "train-spatial-00144-a",
      "train-spatial-00132-a",
      "train-spatial-00107-b"
    ]
  },
  "representation_anchor": {
    "objective": "task-conditioned-projector-output-mse-v1",
    "weight": 0.0001,
    "tasks": [
      "count",
      "shape"
    ],
    "reference": "/run/media/ezra/13D010B6FDBC1A06/data/perception_v1/adaptation/balanced_multitask_projector_v1/checkpoints/step-000050/projector.safetensors",
    "reference_sha256": "995e3475a033ae1ffb274ea4c9dfa5ebd429b0f7a2a3ae71f4a786b52d654748",
    "reference_tensor_sha256": "78ae42dc65f9ec98d4d55db931847f865b922b3701391438076ae68c9bb697f0"
  },
  "exact_reproduction": null,
  "selection_manifest_sha256": "b5a851bb969b41607fc95299df90ec51cc7a0db6c1e0d560380bed1f7abac71e",
  "checkpoints": {
    "step-000050": {
      "status": "valid",
      "arm": "anchor_1e-4",
      "kind": "projector",
      "step": 50,
      "examples_seen": 1200,
      "weights_tensor_sha256": "78ae42dc65f9ec98d4d55db931847f865b922b3701391438076ae68c9bb697f0",
      "files": {
        "projector.safetensors": {
          "bytes": 81817648,
          "sha256": "54f4e79b49f8840829e725c309e1fdee85ac7cc584bb95b7a26aee45e01e4384"
        },
        "projector_config.json": {
          "bytes": 127,
          "sha256": "d505f4a2ee6a2312c758ae16bfaf051367282ede7617676fd1234c118e4c7804"
        },
        "training_state.pt": {
          "bytes": 163640597,
          "sha256": "c7fe19dd7f71a2a4fbf24799ebe778ea69ad9bd802d2086ee8dd86a827058745"
        }
      }
    },
    "step-000075": {
      "status": "valid",
      "arm": "anchor_1e-4",
      "kind": "projector",
      "step": 75,
      "examples_seen": 1800,
      "weights_tensor_sha256": "fc8dbfcfc53f53326b900ff5624de290c43855af0185ca5b2d8a27d24b60cf7d",
      "files": {
        "projector.safetensors": {
          "bytes": 81817648,
          "sha256": "09a9c21fe8ff35cef5e423ee1a5dbdf066e7729ef23c5e326a28f3f97294063e"
        },
        "projector_config.json": {
          "bytes": 127,
          "sha256": "d505f4a2ee6a2312c758ae16bfaf051367282ede7617676fd1234c118e4c7804"
        },
        "training_state.pt": {
          "bytes": 163640597,
          "sha256": "8d197b0b22680f5f3fd855aba2e88f3835ed40a993c4fef560b7c9631583f9f2"
        }
      }
    },
    "step-000100": {
      "status": "valid",
      "arm": "anchor_1e-4",
      "kind": "projector",
      "step": 100,
      "examples_seen": 2400,
      "weights_tensor_sha256": "8ae5b40a220f58bd2e984f5d3d75944b1df09f8e1b31c2bf65c265febb4f5357",
      "files": {
        "projector.safetensors": {
          "bytes": 81817648,
          "sha256": "a16a944a8a62ed6880f5d9a2a73cb93d953c106bfef8ab1918972940e805b6ee"
        },
        "projector_config.json": {
          "bytes": 127,
          "sha256": "d505f4a2ee6a2312c758ae16bfaf051367282ede7617676fd1234c118e4c7804"
        },
        "training_state.pt": {
          "bytes": 163640597,
          "sha256": "9b9aaa8a4affe14d96bfe5507260c2a46b22c057744b581d4d424c5b09324700"
        }
      }
    }
  },
  "files": {
    "train_history.jsonl": {
      "bytes": 24399,
      "sha256": "a348ffde1d92dfa8021e96cbe27ca6d00e5873e04978f027a5174eb9cbe8803b"
    },
    "training_order.jsonl": {
      "bytes": 29701,
      "sha256": "41379034c6cd6f2c091f4a526c7d211198c185b071664c327e57cedda66acb61"
    }
  },
  "final_half_scored": false
}
