/run/media/ezra/13D010B6FDBC1A06/1CatVLLM/.venv-1cat/lib/python3.12/site-packages/torch/cuda/__init__.py:1007: UserWarning: Can't initialize NVML
  raw_cnt = _raw_device_count_nvml()
Loading weights:   0%|          | 0/290 [00:00<?, ?it/s]Loading weights: 100%|██████████| 290/290 [00:00<00:00, 18020.51it/s]
/run/media/ezra/13D010B6FDBC1A06/1CatVLLM/.venv-1cat/lib/python3.12/site-packages/torch/cuda/__init__.py:1007: UserWarning: Can't initialize NVML
  raw_cnt = _raw_device_count_nvml()
[step-001500] synthetic/vision 64/600
[step-001500] synthetic/vision 128/600
[step-001500] synthetic/vision 192/600
[step-001500] synthetic/vision 256/600
[step-001500] synthetic/vision 320/600
[step-001500] synthetic/vision 384/600
[step-001500] synthetic/vision 448/600
[step-001500] synthetic/vision 512/600
[step-001500] synthetic/vision 576/600
[step-001500] synthetic/vision 600/600
[step-001500] synthetic/blind 64/600
[step-001500] synthetic/blind 128/600
[step-001500] synthetic/blind 192/600
[step-001500] synthetic/blind 256/600
[step-001500] synthetic/blind 320/600
[step-001500] synthetic/blind 384/600
[step-001500] synthetic/blind 448/600
[step-001500] synthetic/blind 512/600
[step-001500] synthetic/blind 576/600
[step-001500] synthetic/blind 600/600
[step-001500] synthetic/shuffled_image 64/600
[step-001500] synthetic/shuffled_image 128/600
[step-001500] synthetic/shuffled_image 192/600
[step-001500] synthetic/shuffled_image 256/600
[step-001500] synthetic/shuffled_image 320/600
[step-001500] synthetic/shuffled_image 384/600
[step-001500] synthetic/shuffled_image 448/600
[step-001500] synthetic/shuffled_image 512/600
[step-001500] synthetic/shuffled_image 576/600
[step-001500] synthetic/shuffled_image 600/600
[step-001500] synthetic/paired_counterfactual_image 64/600
[step-001500] synthetic/paired_counterfactual_image 128/600
[step-001500] synthetic/paired_counterfactual_image 192/600
[step-001500] synthetic/paired_counterfactual_image 256/600
[step-001500] synthetic/paired_counterfactual_image 320/600
[step-001500] synthetic/paired_counterfactual_image 384/600
[step-001500] synthetic/paired_counterfactual_image 448/600
[step-001500] synthetic/paired_counterfactual_image 512/600
[step-001500] synthetic/paired_counterfactual_image 576/600
[step-001500] synthetic/paired_counterfactual_image 600/600
[step-001500] synthetic/background_matched_aux 64/600
[step-001500] synthetic/background_matched_aux 128/600
[step-001500] synthetic/background_matched_aux 192/600
[step-001500] synthetic/background_matched_aux 256/600
[step-001500] synthetic/background_matched_aux 320/600
[step-001500] synthetic/background_matched_aux 384/600
[step-001500] synthetic/background_matched_aux 448/600
[step-001500] synthetic/background_matched_aux 512/600
[step-001500] synthetic/background_matched_aux 576/600
[step-001500] synthetic/background_matched_aux 600/600
[step-001500] shuffle-loss 1/32
[step-001500] shuffle-loss 2/32
[step-001500] shuffle-loss 3/32
[step-001500] shuffle-loss 4/32
[step-001500] shuffle-loss 5/32
[step-001500] shuffle-loss 6/32
[step-001500] shuffle-loss 7/32
[step-001500] shuffle-loss 8/32
[step-001500] shuffle-loss 9/32
[step-001500] shuffle-loss 10/32
[step-001500] shuffle-loss 11/32
[step-001500] shuffle-loss 12/32
[step-001500] shuffle-loss 13/32
[step-001500] shuffle-loss 14/32
[step-001500] shuffle-loss 15/32
[step-001500] shuffle-loss 16/32
[step-001500] shuffle-loss 17/32
[step-001500] shuffle-loss 18/32
[step-001500] shuffle-loss 19/32
[step-001500] shuffle-loss 20/32
[step-001500] shuffle-loss 21/32
[step-001500] shuffle-loss 22/32
[step-001500] shuffle-loss 23/32
[step-001500] shuffle-loss 24/32
[step-001500] shuffle-loss 25/32
[step-001500] shuffle-loss 26/32
[step-001500] shuffle-loss 27/32
[step-001500] shuffle-loss 28/32
[step-001500] shuffle-loss 29/32
[step-001500] shuffle-loss 30/32
[step-001500] shuffle-loss 31/32
[step-001500] shuffle-loss 32/32
[balanced-projector-step25] synthetic/vision 64/600
[balanced-projector-step25] synthetic/vision 128/600
[balanced-projector-step25] synthetic/vision 192/600
[balanced-projector-step25] synthetic/vision 256/600
[balanced-projector-step25] synthetic/vision 320/600
[balanced-projector-step25] synthetic/vision 384/600
[balanced-projector-step25] synthetic/vision 448/600
[balanced-projector-step25] synthetic/vision 512/600
[balanced-projector-step25] synthetic/vision 576/600
[balanced-projector-step25] synthetic/vision 600/600
[balanced-projector-step25] synthetic/blind 64/600
[balanced-projector-step25] synthetic/blind 128/600
[balanced-projector-step25] synthetic/blind 192/600
[balanced-projector-step25] synthetic/blind 256/600
[balanced-projector-step25] synthetic/blind 320/600
[balanced-projector-step25] synthetic/blind 384/600
[balanced-projector-step25] synthetic/blind 448/600
[balanced-projector-step25] synthetic/blind 512/600
[balanced-projector-step25] synthetic/blind 576/600
[balanced-projector-step25] synthetic/blind 600/600
[balanced-projector-step25] synthetic/shuffled_image 64/600
[balanced-projector-step25] synthetic/shuffled_image 128/600
[balanced-projector-step25] synthetic/shuffled_image 192/600
[balanced-projector-step25] synthetic/shuffled_image 256/600
[balanced-projector-step25] synthetic/shuffled_image 320/600
[balanced-projector-step25] synthetic/shuffled_image 384/600
[balanced-projector-step25] synthetic/shuffled_image 448/600
[balanced-projector-step25] synthetic/shuffled_image 512/600
[balanced-projector-step25] synthetic/shuffled_image 576/600
[balanced-projector-step25] synthetic/shuffled_image 600/600
[balanced-projector-step25] synthetic/paired_counterfactual_image 64/600
[balanced-projector-step25] synthetic/paired_counterfactual_image 128/600
[balanced-projector-step25] synthetic/paired_counterfactual_image 192/600
[balanced-projector-step25] synthetic/paired_counterfactual_image 256/600
[balanced-projector-step25] synthetic/paired_counterfactual_image 320/600
[balanced-projector-step25] synthetic/paired_counterfactual_image 384/600
[balanced-projector-step25] synthetic/paired_counterfactual_image 448/600
[balanced-projector-step25] synthetic/paired_counterfactual_image 512/600
[balanced-projector-step25] synthetic/paired_counterfactual_image 576/600
[balanced-projector-step25] synthetic/paired_counterfactual_image 600/600
[balanced-projector-step25] synthetic/background_matched_aux 64/600
[balanced-projector-step25] synthetic/background_matched_aux 128/600
[balanced-projector-step25] synthetic/background_matched_aux 192/600
[balanced-projector-step25] synthetic/background_matched_aux 256/600
[balanced-projector-step25] synthetic/background_matched_aux 320/600
[balanced-projector-step25] synthetic/background_matched_aux 384/600
[balanced-projector-step25] synthetic/background_matched_aux 448/600
[balanced-projector-step25] synthetic/background_matched_aux 512/600
[balanced-projector-step25] synthetic/background_matched_aux 576/600
[balanced-projector-step25] synthetic/background_matched_aux 600/600
[balanced-projector-step25] shuffle-loss 1/32
[balanced-projector-step25] shuffle-loss 2/32
[balanced-projector-step25] shuffle-loss 3/32
[balanced-projector-step25] shuffle-loss 4/32
[balanced-projector-step25] shuffle-loss 5/32
[balanced-projector-step25] shuffle-loss 6/32
[balanced-projector-step25] shuffle-loss 7/32
[balanced-projector-step25] shuffle-loss 8/32
[balanced-projector-step25] shuffle-loss 9/32
[balanced-projector-step25] shuffle-loss 10/32
[balanced-projector-step25] shuffle-loss 11/32
[balanced-projector-step25] shuffle-loss 12/32
[balanced-projector-step25] shuffle-loss 13/32
[balanced-projector-step25] shuffle-loss 14/32
[balanced-projector-step25] shuffle-loss 15/32
[balanced-projector-step25] shuffle-loss 16/32
[balanced-projector-step25] shuffle-loss 17/32
[balanced-projector-step25] shuffle-loss 18/32
[balanced-projector-step25] shuffle-loss 19/32
[balanced-projector-step25] shuffle-loss 20/32
[balanced-projector-step25] shuffle-loss 21/32
[balanced-projector-step25] shuffle-loss 22/32
[balanced-projector-step25] shuffle-loss 23/32
[balanced-projector-step25] shuffle-loss 24/32
[balanced-projector-step25] shuffle-loss 25/32
[balanced-projector-step25] shuffle-loss 26/32
[balanced-projector-step25] shuffle-loss 27/32
[balanced-projector-step25] shuffle-loss 28/32
[balanced-projector-step25] shuffle-loss 29/32
[balanced-projector-step25] shuffle-loss 30/32
[balanced-projector-step25] shuffle-loss 31/32
[balanced-projector-step25] shuffle-loss 32/32
[balanced-projector-step50] synthetic/vision 64/600
[balanced-projector-step50] synthetic/vision 128/600
[balanced-projector-step50] synthetic/vision 192/600
[balanced-projector-step50] synthetic/vision 256/600
[balanced-projector-step50] synthetic/vision 320/600
[balanced-projector-step50] synthetic/vision 384/600
[balanced-projector-step50] synthetic/vision 448/600
[balanced-projector-step50] synthetic/vision 512/600
[balanced-projector-step50] synthetic/vision 576/600
[balanced-projector-step50] synthetic/vision 600/600
[balanced-projector-step50] synthetic/blind 64/600
[balanced-projector-step50] synthetic/blind 128/600
[balanced-projector-step50] synthetic/blind 192/600
[balanced-projector-step50] synthetic/blind 256/600
[balanced-projector-step50] synthetic/blind 320/600
[balanced-projector-step50] synthetic/blind 384/600
[balanced-projector-step50] synthetic/blind 448/600
[balanced-projector-step50] synthetic/blind 512/600
[balanced-projector-step50] synthetic/blind 576/600
[balanced-projector-step50] synthetic/blind 600/600
[balanced-projector-step50] synthetic/shuffled_image 64/600
[balanced-projector-step50] synthetic/shuffled_image 128/600
[balanced-projector-step50] synthetic/shuffled_image 192/600
[balanced-projector-step50] synthetic/shuffled_image 256/600
[balanced-projector-step50] synthetic/shuffled_image 320/600
[balanced-projector-step50] synthetic/shuffled_image 384/600
[balanced-projector-step50] synthetic/shuffled_image 448/600
[balanced-projector-step50] synthetic/shuffled_image 512/600
[balanced-projector-step50] synthetic/shuffled_image 576/600
[balanced-projector-step50] synthetic/shuffled_image 600/600
[balanced-projector-step50] synthetic/paired_counterfactual_image 64/600
[balanced-projector-step50] synthetic/paired_counterfactual_image 128/600
[balanced-projector-step50] synthetic/paired_counterfactual_image 192/600
[balanced-projector-step50] synthetic/paired_counterfactual_image 256/600
[balanced-projector-step50] synthetic/paired_counterfactual_image 320/600
[balanced-projector-step50] synthetic/paired_counterfactual_image 384/600
[balanced-projector-step50] synthetic/paired_counterfactual_image 448/600
[balanced-projector-step50] synthetic/paired_counterfactual_image 512/600
[balanced-projector-step50] synthetic/paired_counterfactual_image 576/600
[balanced-projector-step50] synthetic/paired_counterfactual_image 600/600
[balanced-projector-step50] synthetic/background_matched_aux 64/600
[balanced-projector-step50] synthetic/background_matched_aux 128/600
[balanced-projector-step50] synthetic/background_matched_aux 192/600
[balanced-projector-step50] synthetic/background_matched_aux 256/600
[balanced-projector-step50] synthetic/background_matched_aux 320/600
[balanced-projector-step50] synthetic/background_matched_aux 384/600
[balanced-projector-step50] synthetic/background_matched_aux 448/600
[balanced-projector-step50] synthetic/background_matched_aux 512/600
[balanced-projector-step50] synthetic/background_matched_aux 576/600
[balanced-projector-step50] synthetic/background_matched_aux 600/600
[balanced-projector-step50] shuffle-loss 1/32
[balanced-projector-step50] shuffle-loss 2/32
[balanced-projector-step50] shuffle-loss 3/32
[balanced-projector-step50] shuffle-loss 4/32
[balanced-projector-step50] shuffle-loss 5/32
[balanced-projector-step50] shuffle-loss 6/32
[balanced-projector-step50] shuffle-loss 7/32
[balanced-projector-step50] shuffle-loss 8/32
[balanced-projector-step50] shuffle-loss 9/32
[balanced-projector-step50] shuffle-loss 10/32
[balanced-projector-step50] shuffle-loss 11/32
[balanced-projector-step50] shuffle-loss 12/32
[balanced-projector-step50] shuffle-loss 13/32
[balanced-projector-step50] shuffle-loss 14/32
[balanced-projector-step50] shuffle-loss 15/32
[balanced-projector-step50] shuffle-loss 16/32
[balanced-projector-step50] shuffle-loss 17/32
[balanced-projector-step50] shuffle-loss 18/32
[balanced-projector-step50] shuffle-loss 19/32
[balanced-projector-step50] shuffle-loss 20/32
[balanced-projector-step50] shuffle-loss 21/32
[balanced-projector-step50] shuffle-loss 22/32
[balanced-projector-step50] shuffle-loss 23/32
[balanced-projector-step50] shuffle-loss 24/32
[balanced-projector-step50] shuffle-loss 25/32
[balanced-projector-step50] shuffle-loss 26/32
[balanced-projector-step50] shuffle-loss 27/32
[balanced-projector-step50] shuffle-loss 28/32
[balanced-projector-step50] shuffle-loss 29/32
[balanced-projector-step50] shuffle-loss 30/32
[balanced-projector-step50] shuffle-loss 31/32
[balanced-projector-step50] shuffle-loss 32/32
[balanced-projector-step100] synthetic/vision 64/600
[balanced-projector-step100] synthetic/vision 128/600
[balanced-projector-step100] synthetic/vision 192/600
[balanced-projector-step100] synthetic/vision 256/600
[balanced-projector-step100] synthetic/vision 320/600
[balanced-projector-step100] synthetic/vision 384/600
[balanced-projector-step100] synthetic/vision 448/600
[balanced-projector-step100] synthetic/vision 512/600
[balanced-projector-step100] synthetic/vision 576/600
[balanced-projector-step100] synthetic/vision 600/600
[balanced-projector-step100] synthetic/blind 64/600
[balanced-projector-step100] synthetic/blind 128/600
[balanced-projector-step100] synthetic/blind 192/600
[balanced-projector-step100] synthetic/blind 256/600
[balanced-projector-step100] synthetic/blind 320/600
[balanced-projector-step100] synthetic/blind 384/600
[balanced-projector-step100] synthetic/blind 448/600
[balanced-projector-step100] synthetic/blind 512/600
[balanced-projector-step100] synthetic/blind 576/600
[balanced-projector-step100] synthetic/blind 600/600
[balanced-projector-step100] synthetic/shuffled_image 64/600
[balanced-projector-step100] synthetic/shuffled_image 128/600
[balanced-projector-step100] synthetic/shuffled_image 192/600
[balanced-projector-step100] synthetic/shuffled_image 256/600
[balanced-projector-step100] synthetic/shuffled_image 320/600
[balanced-projector-step100] synthetic/shuffled_image 384/600
[balanced-projector-step100] synthetic/shuffled_image 448/600
[balanced-projector-step100] synthetic/shuffled_image 512/600
[balanced-projector-step100] synthetic/shuffled_image 576/600
[balanced-projector-step100] synthetic/shuffled_image 600/600
[balanced-projector-step100] synthetic/paired_counterfactual_image 64/600
[balanced-projector-step100] synthetic/paired_counterfactual_image 128/600
[balanced-projector-step100] synthetic/paired_counterfactual_image 192/600
[balanced-projector-step100] synthetic/paired_counterfactual_image 256/600
[balanced-projector-step100] synthetic/paired_counterfactual_image 320/600
[balanced-projector-step100] synthetic/paired_counterfactual_image 384/600
[balanced-projector-step100] synthetic/paired_counterfactual_image 448/600
[balanced-projector-step100] synthetic/paired_counterfactual_image 512/600
[balanced-projector-step100] synthetic/paired_counterfactual_image 576/600
[balanced-projector-step100] synthetic/paired_counterfactual_image 600/600
[balanced-projector-step100] synthetic/background_matched_aux 64/600
[balanced-projector-step100] synthetic/background_matched_aux 128/600
[balanced-projector-step100] synthetic/background_matched_aux 192/600
[balanced-projector-step100] synthetic/background_matched_aux 256/600
[balanced-projector-step100] synthetic/background_matched_aux 320/600
[balanced-projector-step100] synthetic/background_matched_aux 384/600
[balanced-projector-step100] synthetic/background_matched_aux 448/600
[balanced-projector-step100] synthetic/background_matched_aux 512/600
[balanced-projector-step100] synthetic/background_matched_aux 576/600
[balanced-projector-step100] synthetic/background_matched_aux 600/600
[balanced-projector-step100] shuffle-loss 1/32
[balanced-projector-step100] shuffle-loss 2/32
[balanced-projector-step100] shuffle-loss 3/32
[balanced-projector-step100] shuffle-loss 4/32
[balanced-projector-step100] shuffle-loss 5/32
[balanced-projector-step100] shuffle-loss 6/32
[balanced-projector-step100] shuffle-loss 7/32
[balanced-projector-step100] shuffle-loss 8/32
[balanced-projector-step100] shuffle-loss 9/32
[balanced-projector-step100] shuffle-loss 10/32
[balanced-projector-step100] shuffle-loss 11/32
[balanced-projector-step100] shuffle-loss 12/32
[balanced-projector-step100] shuffle-loss 13/32
[balanced-projector-step100] shuffle-loss 14/32
[balanced-projector-step100] shuffle-loss 15/32
[balanced-projector-step100] shuffle-loss 16/32
[balanced-projector-step100] shuffle-loss 17/32
[balanced-projector-step100] shuffle-loss 18/32
[balanced-projector-step100] shuffle-loss 19/32
[balanced-projector-step100] shuffle-loss 20/32
[balanced-projector-step100] shuffle-loss 21/32
[balanced-projector-step100] shuffle-loss 22/32
[balanced-projector-step100] shuffle-loss 23/32
[balanced-projector-step100] shuffle-loss 24/32
[balanced-projector-step100] shuffle-loss 25/32
[balanced-projector-step100] shuffle-loss 26/32
[balanced-projector-step100] shuffle-loss 27/32
[balanced-projector-step100] shuffle-loss 28/32
[balanced-projector-step100] shuffle-loss 29/32
[balanced-projector-step100] shuffle-loss 30/32
[balanced-projector-step100] shuffle-loss 31/32
[balanced-projector-step100] shuffle-loss 32/32
{
  "status": "valid",
  "wall_seconds": 318.07601976394653,
  "peak_gpu_memory_bytes": 1530525184,
  "failures": 0,
  "summary": "/run/media/ezra/13D010B6FDBC1A06/data/perception_v1/transfer/balanced_multitask_generation_v2/SUMMARY.json"
}
{
  "status": "valid",
  "run_status": "valid",
  "generation_rows_verified": 12000,
  "generation_failures": 0,
  "shuffle_rows_verified": 128,
  "shuffle_failures": 0,
  "failure_events": 0,
  "unique_checkpoints_verified": 4,
  "aliases_verified": 0,
  "final_half_scored": false,
  "raw_files_verified": 6
}
{
  "status": "valid",
  "format_version": "multitask-transfer-analysis-v1",
  "created_at_utc": "2026-08-05T02:16:53.317925+00:00",
  "preference_summary_sha256": "80eff9088552c81e99c3bdef9a7db8f45bb450118ed226699910b05431075b88",
  "generation_summary_sha256": "43b60e8d4f379a06d4964f81b1d80322a96ff1d7df7cd9b3b4807131dab1e266",
  "preference_rows": 38400,
  "generation_rows": 12000,
  "metric_rows": 756,
  "contrast_rows": 714,
  "bootstrap_samples": 2000,
  "seed": 20260815,
  "files": {
    "transfer_metrics.csv": {
      "bytes": 65707,
      "sha256": "dfb622a283413ef8f1236dd461947d435fe1858bcb4a1e0aab0c5648edf49df6"
    },
    "transfer_contrasts.csv": {
      "bytes": 148123,
      "sha256": "db6fa548e7bd07b9a1e81a2ed896efa3145e33bf899441e0cde2bd9a5753fa2b"
    },
    "DECISIONS.json": {
      "bytes": 105132,
      "sha256": "4a7d930765215cee3d106c239042221a512446bde5a5c706c392186285f4cc42"
    }
  },
  "final_half_scored": false
}
