/run/media/ezra/13D010B6FDBC1A06/1CatVLLM/.venv-1cat/lib/python3.12/site-packages/torch/cuda/__init__.py:1007: UserWarning: Can't initialize NVML
  raw_cnt = _raw_device_count_nvml()
Loading weights:   0%|          | 0/290 [00:00<?, ?it/s]Loading weights: 100%|██████████| 290/290 [00:00<00:00, 15375.60it/s]
{"step": 76, "loss": 0.7221924662590027, "task_loss": 0.7221924662590027, "anchor_loss": 0.0, "anchor_weight": 0.0, "anchor_selected_records": 0, "gradient_norm_before_clip": 0.8184404969215393, "batch_size": 24, "examples_seen": 1824, "continuation_examples_seen": 24, "answer_tokens_seen": 61, "task_counts": {"color": 4, "coordinate": 4, "count": 4, "ocr": 4, "shape": 4, "spatial": 4}, "step_wall_seconds": 1.053666353225708, "peak_gpu_memory_bytes": 11366048256}
{"step": 100, "loss": 0.965018093585968, "task_loss": 0.965018093585968, "anchor_loss": 0.0, "anchor_weight": 0.0, "anchor_selected_records": 0, "gradient_norm_before_clip": 0.7705748677253723, "batch_size": 24, "examples_seen": 2400, "continuation_examples_seen": 600, "answer_tokens_seen": 1648, "task_counts": {"color": 4, "coordinate": 4, "count": 4, "ocr": 4, "shape": 4, "spatial": 4}, "step_wall_seconds": 0.8786585330963135, "peak_gpu_memory_bytes": 11720385536}
/run/media/ezra/13D010B6FDBC1A06/1CatVLLM/.venv-1cat/lib/python3.12/site-packages/torch/cuda/__init__.py:1007: UserWarning: Can't initialize NVML
  raw_cnt = _raw_device_count_nvml()
{
  "status": "valid",
  "format_version": "fixed-budget-triggered-replay-v1",
  "arm": "triggered_replay",
  "kind": "projector",
  "metadata": {
    "completed_at_utc": "2026-08-05T09:17:20.417817+00:00",
    "git_sha": "5d6367617831e4b4d81d7985ae5a25505aa85208",
    "host": "doesworkstation",
    "torch": "2.10.0+cu128",
    "gpu": "Tesla V100-PCIE-32GB",
    "wall_seconds": 34.64477729797363,
    "peak_gpu_memory_bytes": 11720385536,
    "final_half_scored": false
  },
  "initial_step": 75,
  "steps": 100,
  "continuation_steps": 25,
  "batch_size": 24,
  "examples_seen": 2400,
  "continuation_examples_seen": 600,
  "fixed_training_budget": {
    "steps": 25,
    "examples": 600
  },
  "train_records": 2400,
  "train_pairs": 1200,
  "tasks": [
    "color",
    "coordinate",
    "count",
    "ocr",
    "shape",
    "spatial"
  ],
  "train_records_by_task": {
    "color": 400,
    "coordinate": 400,
    "count": 400,
    "ocr": 400,
    "shape": 400,
    "spatial": 400
  },
  "trainable_parameters": 20454272,
  "resolved_lora_modules": [],
  "base_projector_sha256": "945da40095b55dfdbbe491f127db6eff71a18d15e34ab2b33a7086906b77d10a",
  "projector_config_source": "/run/media/ezra/13D010B6FDBC1A06/data/gate_b/ckpt/checkpoints/step-000500",
  "projector_config_sha256": "d505f4a2ee6a2312c758ae16bfaf051367282ede7617676fd1234c118e4c7804",
  "optimizer_resume": {
    "restored": true,
    "source": "/run/media/ezra/13D010B6FDBC1A06/data/perception_v1/adaptation/matched_replay_ordinary_v1/checkpoints/step-000075/training_state.pt",
    "source_step": 75,
    "source_sha256": "5bdce7e606d149995e928c40022470aad07920a1920c456086f72364eb1ff03e"
  },
  "order_strategy": "balanced_stratified",
  "training_order_resume": {
    "source": "/run/media/ezra/13D010B6FDBC1A06/data/perception_v1/adaptation/balanced_compare_projector_v1/training_order.jsonl",
    "source_sha256": "a0929326fc8b494f85b82fc504855cd23f1ddfa74348ccc9b364a13ada39f2f5",
    "start_step_exclusive": 75,
    "end_step_inclusive": 100,
    "steps": [
      76,
      77,
      78,
      79,
      80,
      81,
      82,
      83,
      84,
      85,
      86,
      87,
      88,
      89,
      90,
      91,
      92,
      93,
      94,
      95,
      96,
      97,
      98,
      99,
      100
    ],
    "first_batch_ids": [
      "train-color-00193-b",
      "train-color-00089-a",
      "train-color-00114-a",
      "train-color-00181-b",
      "train-coordinate-00041-b",
      "train-coordinate-00053-b",
      "train-coordinate-00023-b",
      "train-coordinate-00015-a",
      "train-count-00183-b",
      "train-count-00061-b",
      "train-count-00092-a",
      "train-count-00085-b",
      "train-ocr-00106-b",
      "train-ocr-00140-b",
      "train-ocr-00097-a",
      "train-ocr-00101-a",
      "train-shape-00165-b",
      "train-shape-00151-b",
      "train-shape-00012-b",
      "train-shape-00023-a",
      "train-spatial-00117-b",
      "train-spatial-00119-b",
      "train-spatial-00142-a",
      "train-spatial-00085-b"
    ],
    "last_batch_ids": [
      "train-color-00136-b",
      "train-color-00186-a",
      "train-color-00070-b",
      "train-color-00020-b",
      "train-coordinate-00054-b",
      "train-coordinate-00145-a",
      "train-coordinate-00192-b",
      "train-coordinate-00032-b",
      "train-count-00015-b",
      "train-count-00022-a",
      "train-count-00065-a",
      "train-count-00095-a",
      "train-ocr-00150-a",
      "train-ocr-00123-a",
      "train-ocr-00093-b",
      "train-ocr-00051-b",
      "train-shape-00146-a",
      "train-shape-00173-a",
      "train-shape-00033-b",
      "train-shape-00055-a",
      "train-spatial-00161-a",
      "train-spatial-00153-b",
      "train-spatial-00003-b",
      "train-spatial-00000-a"
    ]
  },
  "replay_policy": {
    "status": "valid",
    "strategy": "complete-pair-window-replay-v1",
    "seed": 20260825,
    "replay_tasks": [
      "count"
    ],
    "pairs_per_task_per_window": 10,
    "window_batch_count": 25,
    "windows": [
      {
        "window_index": 0,
        "source_batch_start": 0,
        "source_batch_end_exclusive": 25,
        "replay_pairs_by_task": {
          "count": [
            "train-count-00034",
            "train-count-00138",
            "train-count-00090",
            "train-count-00156",
            "train-count-00142",
            "train-count-00144",
            "train-count-00193",
            "train-count-00120",
            "train-count-00127",
            "train-count-00042"
          ]
        },
        "donor_pairs_by_task": {
          "color": [
            "train-color-00048",
            "train-color-00163"
          ],
          "coordinate": [
            "train-coordinate-00162",
            "train-coordinate-00020"
          ],
          "ocr": [
            "train-ocr-00013",
            "train-ocr-00012"
          ],
          "shape": [
            "train-shape-00032",
            "train-shape-00027"
          ],
          "spatial": [
            "train-spatial-00164",
            "train-spatial-00127"
          ]
        },
        "before_records_by_task": {
          "color": 100,
          "coordinate": 100,
          "count": 100,
          "ocr": 100,
          "shape": 100,
          "spatial": 100
        },
        "after_records_by_task": {
          "color": 96,
          "coordinate": 96,
          "count": 120,
          "ocr": 96,
          "shape": 96,
          "spatial": 96
        }
      }
    ],
    "added_ids": [
      "train-count-00042-b",
      "train-count-00034-b",
      "train-count-00144-b",
      "train-count-00034-a",
      "train-count-00090-b",
      "train-count-00127-a",
      "train-count-00156-b",
      "train-count-00138-a",
      "train-count-00142-a",
      "train-count-00042-a",
      "train-count-00138-b",
      "train-count-00127-b",
      "train-count-00142-b",
      "train-count-00120-a",
      "train-count-00090-a",
      "train-count-00193-b",
      "train-count-00156-a",
      "train-count-00144-a",
      "train-count-00120-b",
      "train-count-00193-a"
    ],
    "removed_ids": [
      "train-color-00048-b",
      "train-color-00048-a",
      "train-color-00163-a",
      "train-color-00163-b",
      "train-coordinate-00162-a",
      "train-coordinate-00162-b",
      "train-coordinate-00020-a",
      "train-coordinate-00020-b",
      "train-ocr-00013-a",
      "train-ocr-00013-b",
      "train-ocr-00012-b",
      "train-ocr-00012-a",
      "train-shape-00032-b",
      "train-shape-00032-a",
      "train-shape-00027-b",
      "train-shape-00027-a",
      "train-spatial-00164-a",
      "train-spatial-00164-b",
      "train-spatial-00127-a",
      "train-spatial-00127-b"
    ],
    "added_records_by_task": {
      "count": 20
    },
    "removed_records_by_task": {
      "color": 4,
      "coordinate": 4,
      "ocr": 4,
      "shape": 4,
      "spatial": 4
    },
    "source_records_by_task": {
      "color": 100,
      "coordinate": 100,
      "count": 100,
      "ocr": 100,
      "shape": 100,
      "spatial": 100
    },
    "final_records_by_task": {
      "color": 96,
      "coordinate": 96,
      "count": 120,
      "ocr": 96,
      "shape": 96,
      "spatial": 96
    },
    "all_replacements_are_complete_pairs": true,
    "examples_preserved": true,
    "history_training_order": {
      "source": "/run/media/ezra/13D010B6FDBC1A06/data/perception_v1/adaptation/balanced_compare_projector_v1/training_order.jsonl",
      "source_sha256": "a0929326fc8b494f85b82fc504855cd23f1ddfa74348ccc9b364a13ada39f2f5",
      "start_step_exclusive": 0,
      "end_step_inclusive": 50,
      "steps": [
        1,
        2,
        3,
        4,
        5,
        6,
        7,
        8,
        9,
        10,
        11,
        12,
        13,
        14,
        15,
        16,
        17,
        18,
        19,
        20,
        21,
        22,
        23,
        24,
        25,
        26,
        27,
        28,
        29,
        30,
        31,
        32,
        33,
        34,
        35,
        36,
        37,
        38,
        39,
        40,
        41,
        42,
        43,
        44,
        45,
        46,
        47,
        48,
        49,
        50
      ],
      "first_batch_ids": [
        "train-color-00177-a",
        "train-color-00088-b",
        "train-color-00144-b",
        "train-color-00160-a",
        "train-coordinate-00113-a",
        "train-coordinate-00056-b",
        "train-coordinate-00173-a",
        "train-coordinate-00138-b",
        "train-count-00157-a",
        "train-count-00013-a",
        "train-count-00174-b",
        "train-count-00126-b",
        "train-ocr-00056-b",
        "train-ocr-00014-a",
        "train-ocr-00054-a",
        "train-ocr-00153-b",
        "train-shape-00096-b",
        "train-shape-00102-b",
        "train-shape-00159-a",
        "train-shape-00011-b",
        "train-spatial-00132-a",
        "train-spatial-00030-a",
        "train-spatial-00129-b",
        "train-spatial-00013-b"
      ],
      "last_batch_ids": [
        "train-color-00126-a",
        "train-color-00168-b",
        "train-color-00129-b",
        "train-color-00053-a",
        "train-coordinate-00071-b",
        "train-coordinate-00008-b",
        "train-coordinate-00108-a",
        "train-coordinate-00092-a",
        "train-count-00190-b",
        "train-count-00055-b",
        "train-count-00007-b",
        "train-count-00124-a",
        "train-ocr-00110-a",
        "train-ocr-00188-b",
        "train-ocr-00134-b",
        "train-ocr-00178-a",
        "train-shape-00119-b",
        "train-shape-00044-a",
        "train-shape-00181-a",
        "train-shape-00194-b",
        "train-spatial-00126-b",
        "train-spatial-00121-b",
        "train-spatial-00187-a",
        "train-spatial-00006-b"
      ]
    }
  },
  "representation_anchor": null,
  "exact_reproduction": null,
  "selection_manifest_sha256": "b5a851bb969b41607fc95299df90ec51cc7a0db6c1e0d560380bed1f7abac71e",
  "checkpoints": {
    "step-000075": {
      "status": "valid",
      "arm": "triggered_replay",
      "kind": "projector",
      "step": 75,
      "examples_seen": 1800,
      "weights_tensor_sha256": "ff6cbf220537205976be5ba4f442055c3b2d87d164c24954f6c29abcf3b75cdb",
      "files": {
        "projector.safetensors": {
          "bytes": 81817648,
          "sha256": "945da40095b55dfdbbe491f127db6eff71a18d15e34ab2b33a7086906b77d10a"
        },
        "projector_config.json": {
          "bytes": 127,
          "sha256": "d505f4a2ee6a2312c758ae16bfaf051367282ede7617676fd1234c118e4c7804"
        },
        "training_state.pt": {
          "bytes": 163640597,
          "sha256": "5bdce7e606d149995e928c40022470aad07920a1920c456086f72364eb1ff03e"
        }
      }
    },
    "step-000100": {
      "status": "valid",
      "arm": "triggered_replay",
      "kind": "projector",
      "step": 100,
      "examples_seen": 2400,
      "weights_tensor_sha256": "0caf0130ac55ff4b53f03d96775347bf30ebe6ac2c515f78e64b11c1820f1b10",
      "files": {
        "projector.safetensors": {
          "bytes": 81817648,
          "sha256": "cd87b5bbc7fc15a3e9365809c27b38ea6d522c497c024357aabff677775dc146"
        },
        "projector_config.json": {
          "bytes": 127,
          "sha256": "d505f4a2ee6a2312c758ae16bfaf051367282ede7617676fd1234c118e4c7804"
        },
        "training_state.pt": {
          "bytes": 163640597,
          "sha256": "cae6046b93f02e2cdeed2ee00ba34948ffb32005dca708e40a5378202c6844ce"
        }
      }
    }
  },
  "files": {
    "train_history.jsonl": {
      "bytes": 11765,
      "sha256": "4719cc7e37a8467ef0cdf87af9270aec8612e0c0ccf2fc98fb32611332e39517"
    },
    "training_order.jsonl": {
      "bytes": 14831,
      "sha256": "bdaeeccafc4c910695118fefedb005bdf84744e7e26d300b40aafd50108c88aa"
    }
  },
  "final_half_scored": false
}
