/run/media/ezra/13D010B6FDBC1A06/1CatVLLM/.venv-1cat/lib/python3.12/site-packages/torch/cuda/__init__.py:1007: UserWarning: Can't initialize NVML
  raw_cnt = _raw_device_count_nvml()
Loading weights:   0%|          | 0/290 [00:00<?, ?it/s]Loading weights:  13%|█▎        | 39/290 [00:00<00:00, 388.79it/s]Loading weights:  27%|██▋       | 78/290 [00:00<00:00, 336.98it/s]Loading weights:  39%|███▉      | 113/290 [00:00<00:00, 337.65it/s]Loading weights:  51%|█████     | 148/290 [00:00<00:00, 253.44it/s]Loading weights:  61%|██████    | 176/290 [00:00<00:00, 253.39it/s]Loading weights:  75%|███████▍  | 217/290 [00:00<00:00, 297.26it/s]Loading weights:  86%|████████▌ | 249/290 [00:00<00:00, 300.28it/s]Loading weights:  97%|█████████▋| 281/290 [00:00<00:00, 296.24it/s]Loading weights: 100%|██████████| 290/290 [00:00<00:00, 304.68it/s]
{"step": 1, "loss": 1.731346845626831, "task_loss": 1.731346845626831, "anchor_loss": 0.0, "anchor_weight": 0.0, "anchor_selected_records": 0, "gradient_norm_before_clip": 1.2957693338394165, "batch_size": 24, "examples_seen": 24, "continuation_examples_seen": 24, "answer_tokens_seen": 71, "task_counts": {"color": 1, "coordinate": 6, "count": 1, "ocr": 6, "shape": 6, "spatial": 4}, "step_wall_seconds": 1.509162187576294, "peak_gpu_memory_bytes": 11715127808}
{"step": 25, "loss": 1.1226249933242798, "task_loss": 1.1226249933242798, "anchor_loss": 0.0, "anchor_weight": 0.0, "anchor_selected_records": 0, "gradient_norm_before_clip": 0.8261445760726929, "batch_size": 24, "examples_seen": 600, "continuation_examples_seen": 600, "answer_tokens_seen": 1664, "task_counts": {"color": 6, "coordinate": 5, "count": 1, "ocr": 3, "shape": 7, "spatial": 2}, "step_wall_seconds": 0.8798365592956543, "peak_gpu_memory_bytes": 11724631040}
{"step": 50, "loss": 1.061112880706787, "task_loss": 1.061112880706787, "anchor_loss": 0.0, "anchor_weight": 0.0, "anchor_selected_records": 0, "gradient_norm_before_clip": 0.9378633499145508, "batch_size": 24, "examples_seen": 1200, "continuation_examples_seen": 1200, "answer_tokens_seen": 3327, "task_counts": {"color": 5, "coordinate": 3, "count": 4, "ocr": 3, "shape": 5, "spatial": 4}, "step_wall_seconds": 0.8836319446563721, "peak_gpu_memory_bytes": 11797998080}
{"step": 75, "loss": 0.7003351449966431, "task_loss": 0.7003351449966431, "anchor_loss": 0.0, "anchor_weight": 0.0, "anchor_selected_records": 0, "gradient_norm_before_clip": 1.1910395622253418, "batch_size": 24, "examples_seen": 1800, "continuation_examples_seen": 1800, "answer_tokens_seen": 4970, "task_counts": {"color": 6, "coordinate": 2, "count": 4, "ocr": 2, "shape": 5, "spatial": 5}, "step_wall_seconds": 0.8790397644042969, "peak_gpu_memory_bytes": 11797998080}
{"step": 100, "loss": 0.4433336853981018, "task_loss": 0.4433336853981018, "anchor_loss": 0.0, "anchor_weight": 0.0, "anchor_selected_records": 0, "gradient_norm_before_clip": 1.4355461597442627, "batch_size": 24, "examples_seen": 2400, "continuation_examples_seen": 2400, "answer_tokens_seen": 6577, "task_counts": {"color": 8, "coordinate": 1, "count": 7, "ocr": 1, "shape": 3, "spatial": 4}, "step_wall_seconds": 0.878507137298584, "peak_gpu_memory_bytes": 11797998080}
/run/media/ezra/13D010B6FDBC1A06/1CatVLLM/.venv-1cat/lib/python3.12/site-packages/torch/cuda/__init__.py:1007: UserWarning: Can't initialize NVML
  raw_cnt = _raw_device_count_nvml()
{
  "status": "valid",
  "format_version": "matched-batch-order-ablation-v1",
  "arm": "global_random_projector",
  "kind": "projector",
  "metadata": {
    "completed_at_utc": "2026-08-05T06:49:47.642423+00:00",
    "git_sha": "d5944d934f9cf27bf6b71eec137450491083eafc",
    "host": "doesworkstation",
    "torch": "2.10.0+cu128",
    "gpu": "Tesla V100-PCIE-32GB",
    "wall_seconds": 170.0329089164734,
    "peak_gpu_memory_bytes": 11797998080,
    "final_half_scored": false
  },
  "initial_step": 0,
  "steps": 100,
  "continuation_steps": 100,
  "batch_size": 24,
  "examples_seen": 2400,
  "continuation_examples_seen": 2400,
  "train_records": 2400,
  "train_pairs": 1200,
  "tasks": [
    "color",
    "coordinate",
    "count",
    "ocr",
    "shape",
    "spatial"
  ],
  "train_records_by_task": {
    "color": 400,
    "coordinate": 400,
    "count": 400,
    "ocr": 400,
    "shape": 400,
    "spatial": 400
  },
  "trainable_parameters": 20454272,
  "resolved_lora_modules": [],
  "base_projector_sha256": "98a566eb2c8414f105662b6532734a4246830b7e5a2df56ae3da14ad23737ef3",
  "projector_config_source": "/run/media/ezra/13D010B6FDBC1A06/data/gate_b/ckpt/checkpoints/step-000500",
  "projector_config_sha256": "d505f4a2ee6a2312c758ae16bfaf051367282ede7617676fd1234c118e4c7804",
  "optimizer_resume": {
    "restored": true,
    "source": "/run/media/ezra/13D010B6FDBC1A06/data/perception_v1/adaptation/balanced_multitask_projector_v1/checkpoints/step-000100/training_state.pt",
    "source_step": 100,
    "source_sha256": "47ceb28f64df2573beae51480e75fe5626d32e6c134f67dc91f35cfc6ba97196"
  },
  "order_strategy": "global_random",
  "training_order_resume": null,
  "representation_anchor": null,
  "exact_reproduction": null,
  "selection_manifest_sha256": "b5a851bb969b41607fc95299df90ec51cc7a0db6c1e0d560380bed1f7abac71e",
  "checkpoints": {
    "step-000000": {
      "status": "valid",
      "arm": "global_random_projector",
      "kind": "projector",
      "step": 0,
      "examples_seen": 0,
      "weights_tensor_sha256": "d2b413c2155d6e70ef6f2fa3a5fd8b9ba8d56d0ef163d4d31d719543c2f70e69",
      "files": {
        "projector.safetensors": {
          "bytes": 81817648,
          "sha256": "70d8e66f13b5d90f058884eb2130aedef3a0f210e1ec52a7f744a8cbf968b0dd"
        },
        "projector_config.json": {
          "bytes": 127,
          "sha256": "d505f4a2ee6a2312c758ae16bfaf051367282ede7617676fd1234c118e4c7804"
        },
        "training_state.pt": {
          "bytes": 163640597,
          "sha256": "c3dca5bdbb9b247a75fff5aec48e4492619e74545fb5e8ccc8640172d8536a96"
        }
      }
    },
    "step-000025": {
      "status": "valid",
      "arm": "global_random_projector",
      "kind": "projector",
      "step": 25,
      "examples_seen": 600,
      "weights_tensor_sha256": "f7ec3040522b6fc0ccf030c325b4006d6ad9880b7d2b27648caac18b974ce561",
      "files": {
        "projector.safetensors": {
          "bytes": 81817648,
          "sha256": "16a5f0c0e9aca06c0c5f52b227f693845bf37d842b5019eda8d238be141f3038"
        },
        "projector_config.json": {
          "bytes": 127,
          "sha256": "d505f4a2ee6a2312c758ae16bfaf051367282ede7617676fd1234c118e4c7804"
        },
        "training_state.pt": {
          "bytes": 163640597,
          "sha256": "0f0e0346b520f08ca3ba90f4e13e7a93f13e1f1109d01bb2db60cbf0ba23ff89"
        }
      }
    },
    "step-000050": {
      "status": "valid",
      "arm": "global_random_projector",
      "kind": "projector",
      "step": 50,
      "examples_seen": 1200,
      "weights_tensor_sha256": "55e5a4906c01de6d6acbce814f443bf8f68c54c20ad291d9874b6d10ad6039b9",
      "files": {
        "projector.safetensors": {
          "bytes": 81817648,
          "sha256": "8a973de3f7234e3ec859f04875647be8008d67c028426ce5d701940d7bf3e14e"
        },
        "projector_config.json": {
          "bytes": 127,
          "sha256": "d505f4a2ee6a2312c758ae16bfaf051367282ede7617676fd1234c118e4c7804"
        },
        "training_state.pt": {
          "bytes": 163640597,
          "sha256": "5282807199aa16143a0d93735a87180ec2d9f11dec203581b26c05c64ba49cfc"
        }
      }
    },
    "step-000100": {
      "status": "valid",
      "arm": "global_random_projector",
      "kind": "projector",
      "step": 100,
      "examples_seen": 2400,
      "weights_tensor_sha256": "ecd586a5d9578e3189cc2ca5f1f1ecc435e4f5c138b222749f08f2aa28c25821",
      "files": {
        "projector.safetensors": {
          "bytes": 81817648,
          "sha256": "305f5e0d05aad772514c674caa3bec8ab1bc2eea794ce350a572b5090ba0743c"
        },
        "projector_config.json": {
          "bytes": 127,
          "sha256": "d505f4a2ee6a2312c758ae16bfaf051367282ede7617676fd1234c118e4c7804"
        },
        "training_state.pt": {
          "bytes": 163640597,
          "sha256": "fbee81691f84547208b83d59c9183820f8fdf6b2c57433b9dbace536bc807eff"
        }
      }
    }
  },
  "files": {
    "train_history.jsonl": {
      "bytes": 47104,
      "sha256": "db5da8e53644c0e4b535a1c3cd04c39cce842185b684240627d90319ebab78e2"
    },
    "training_order.jsonl": {
      "bytes": 59392,
      "sha256": "20f857ee0c2350572ea30b64a7aca3ac2884609714f7f1b6405a43267f7ad16f"
    }
  },
  "final_half_scored": false
}
